Archive member included to satisfy reference by file (symbol)

../../LIB\libISP583.a(ISP583.o)
                              build/eeprom.o (FLASH_EEPROM_CMD)
h:/risc-v_gcc/toolchain/risc-v embedded gcc/bin/../lib/gcc/riscv-none-embed/8.2.0/rv32imac/ilp32\libgcc.a(muldf3.o)
                              build/mousekey.o (__muldf3)
h:/risc-v_gcc/toolchain/risc-v embedded gcc/bin/../lib/gcc/riscv-none-embed/8.2.0/rv32imac/ilp32\libgcc.a(fixdfsi.o)
                              build/mousekey.o (__fixdfsi)
h:/risc-v_gcc/toolchain/risc-v embedded gcc/bin/../lib/gcc/riscv-none-embed/8.2.0/rv32imac/ilp32\libgcc.a(floatsidf.o)
                              build/mousekey.o (__floatsidf)
h:/risc-v_gcc/toolchain/risc-v embedded gcc/bin/../lib/gcc/riscv-none-embed/8.2.0/rv32imac/ilp32\libgcc.a(_clzsi2.o)
                              h:/risc-v_gcc/toolchain/risc-v embedded gcc/bin/../lib/gcc/riscv-none-embed/8.2.0/rv32imac/ilp32\libgcc.a(muldf3.o) (__clzsi2)
h:/risc-v_gcc/toolchain/risc-v embedded gcc/bin/../lib/gcc/riscv-none-embed/8.2.0/rv32imac/ilp32\libgcc.a(_clz.o)
                              h:/risc-v_gcc/toolchain/risc-v embedded gcc/bin/../lib/gcc/riscv-none-embed/8.2.0/rv32imac/ilp32\libgcc.a(_clzsi2.o) (__clz_tab)
h:/risc-v_gcc/toolchain/risc-v embedded gcc/bin/../lib/gcc/riscv-none-embed/8.2.0/../../../../riscv-none-embed/lib/rv32imac/ilp32\libg_nano.a(lib_a-memcpy.o)
                              build/action.o (memcpy)
h:/risc-v_gcc/toolchain/risc-v embedded gcc/bin/../lib/gcc/riscv-none-embed/8.2.0/../../../../riscv-none-embed/lib/rv32imac/ilp32\libg_nano.a(lib_a-printf.o)
                              build/CH58x_usb2hostClass.o (printf)
h:/risc-v_gcc/toolchain/risc-v embedded gcc/bin/../lib/gcc/riscv-none-embed/8.2.0/../../../../riscv-none-embed/lib/rv32imac/ilp32\libg_nano.a(lib_a-putchar.o)
                              build/CH58x_usb2hostClass.o (putchar)
h:/risc-v_gcc/toolchain/risc-v embedded gcc/bin/../lib/gcc/riscv-none-embed/8.2.0/../../../../riscv-none-embed/lib/rv32imac/ilp32\libg_nano.a(lib_a-puts.o)
                              build/CH58x_usb2hostBase.o (puts)
h:/risc-v_gcc/toolchain/risc-v embedded gcc/bin/../lib/gcc/riscv-none-embed/8.2.0/../../../../riscv-none-embed/lib/rv32imac/ilp32\libg_nano.a(lib_a-vsprintf.o)
                              build/xprintf.o (vsprintf)
h:/risc-v_gcc/toolchain/risc-v embedded gcc/bin/../lib/gcc/riscv-none-embed/8.2.0/../../../../riscv-none-embed/lib/rv32imac/ilp32\libg_nano.a(lib_a-wbuf.o)
                              h:/risc-v_gcc/toolchain/risc-v embedded gcc/bin/../lib/gcc/riscv-none-embed/8.2.0/../../../../riscv-none-embed/lib/rv32imac/ilp32\libg_nano.a(lib_a-puts.o) (__swbuf_r)
h:/risc-v_gcc/toolchain/risc-v embedded gcc/bin/../lib/gcc/riscv-none-embed/8.2.0/../../../../riscv-none-embed/lib/rv32imac/ilp32\libg_nano.a(lib_a-wsetup.o)
                              h:/risc-v_gcc/toolchain/risc-v embedded gcc/bin/../lib/gcc/riscv-none-embed/8.2.0/../../../../riscv-none-embed/lib/rv32imac/ilp32\libg_nano.a(lib_a-puts.o) (__swsetup_r)
h:/risc-v_gcc/toolchain/risc-v embedded gcc/bin/../lib/gcc/riscv-none-embed/8.2.0/../../../../riscv-none-embed/lib/rv32imac/ilp32\libg_nano.a(lib_a-fflush.o)
                              h:/risc-v_gcc/toolchain/risc-v embedded gcc/bin/../lib/gcc/riscv-none-embed/8.2.0/../../../../riscv-none-embed/lib/rv32imac/ilp32\libg_nano.a(lib_a-wbuf.o) (_fflush_r)
h:/risc-v_gcc/toolchain/risc-v embedded gcc/bin/../lib/gcc/riscv-none-embed/8.2.0/../../../../riscv-none-embed/lib/rv32imac/ilp32\libg_nano.a(lib_a-findfp.o)
                              h:/risc-v_gcc/toolchain/risc-v embedded gcc/bin/../lib/gcc/riscv-none-embed/8.2.0/../../../../riscv-none-embed/lib/rv32imac/ilp32\libg_nano.a(lib_a-printf.o) (__sinit)
h:/risc-v_gcc/toolchain/risc-v embedded gcc/bin/../lib/gcc/riscv-none-embed/8.2.0/../../../../riscv-none-embed/lib/rv32imac/ilp32\libg_nano.a(lib_a-fwalk.o)
                              h:/risc-v_gcc/toolchain/risc-v embedded gcc/bin/../lib/gcc/riscv-none-embed/8.2.0/../../../../riscv-none-embed/lib/rv32imac/ilp32\libg_nano.a(lib_a-findfp.o) (_fwalk)
h:/risc-v_gcc/toolchain/risc-v embedded gcc/bin/../lib/gcc/riscv-none-embed/8.2.0/../../../../riscv-none-embed/lib/rv32imac/ilp32\libg_nano.a(lib_a-impure.o)
                              h:/risc-v_gcc/toolchain/risc-v embedded gcc/bin/../lib/gcc/riscv-none-embed/8.2.0/../../../../riscv-none-embed/lib/rv32imac/ilp32\libg_nano.a(lib_a-fflush.o) (_global_impure_ptr)
h:/risc-v_gcc/toolchain/risc-v embedded gcc/bin/../lib/gcc/riscv-none-embed/8.2.0/../../../../riscv-none-embed/lib/rv32imac/ilp32\libg_nano.a(lib_a-makebuf.o)
                              h:/risc-v_gcc/toolchain/risc-v embedded gcc/bin/../lib/gcc/riscv-none-embed/8.2.0/../../../../riscv-none-embed/lib/rv32imac/ilp32\libg_nano.a(lib_a-wsetup.o) (__smakebuf_r)
[...]
Memory Configuration

Name             Origin             Length             Attributes
FLASH            0x0000000000000000 0x0000000000070000 xr
RAM              0x0000000020000000 0x0000000000008000 xrw
*default*        0x0000000000000000 0xffffffffffffffff

Linker script and memory map

LOAD build/keymap_plain.o
LOAD build/keymap_rgb.o
LOAD build/host.o
LOAD build/keyboard.o
LOAD build/matrix.o
LOAD build/action.o
LOAD build/action_tapping.o
LOAD build/action_macro.o
LOAD build/action_layer.o
LOAD build/action_util.o
LOAD build/print.o
LOAD build/debug.o
LOAD build/util.o
LOAD build/hook.o
LOAD build/actionmap.o
LOAD build/mousekey.o
LOAD build/xprintf.o
LOAD build/keyboard_matrix.o
LOAD build/keyboard_event.o
LOAD build/process_record_kb.o
LOAD build/keyboard_timer.o
LOAD build/bootloader.o
LOAD build/keyboard_host_driver.o
LOAD build/usbuser1.o
LOAD build/usbdesc.o
LOAD build/hid_configuration.o
LOAD build/eeprom.o
LOAD build/clock.o
LOAD build/components.o
LOAD build/cpu.o
LOAD build/idle.o
LOAD build/ipc.o
LOAD build/irq.o
LOAD build/kservice.o
LOAD build/mem.o
LOAD build/memheap.o
LOAD build/mempool.o
LOAD build/object.o
LOAD build/scheduler.o
LOAD build/slab.o
LOAD build/thread.o
LOAD build/timer.o
LOAD build/cpuport.o
LOAD build/device.o
LOAD build/ringbuffer.o
LOAD build/cmd.o
LOAD build/finsh_port.o
LOAD build/msh.o
LOAD build/shell.o
LOAD build/board.o
LOAD build/main.o
LOAD build/task_thread.o
LOAD build/core_riscv.o
LOAD build/CH58x_adc.o
LOAD build/CH58x_clk.o
LOAD build/CH58x_flash.o
LOAD build/CH58x_gpio.o
LOAD build/CH58x_i2c.o
LOAD build/CH58x_pwm.o
LOAD build/CH58x_pwr.o
LOAD build/CH58x_spi0.o
LOAD build/CH58x_spi1.o
LOAD build/CH58x_sys.o
LOAD build/CH58x_timer0.o
LOAD build/CH58x_timer1.o
LOAD build/CH58x_timer2.o
LOAD build/CH58x_timer3.o
LOAD build/CH58x_uart0.o
LOAD build/CH58x_uart1.o
LOAD build/CH58x_uart2.o
LOAD build/CH58x_uart3.o
LOAD build/CH58x_usb2dev.o
LOAD build/CH58x_usb2hostBase.o
LOAD build/CH58x_usb2hostClass.o
LOAD build/CH58x_usbdev.o
LOAD build/CH58x_usbhostBase.o
LOAD build/CH58x_usbhostClass.o
LOAD build/context_gcc.o
LOAD build/interrupt_gcc.o
LOAD build/startup_CH583.o
LOAD ../../LIB\libISP583.a
LOAD ../../LIB\libCH58xBLE.a
LOAD h:/risc-v_gcc/toolchain/risc-v embedded gcc/bin/../lib/gcc/riscv-none-embed/8.2.0/rv32imac/ilp32\libgcc.a
LOAD h:/risc-v_gcc/toolchain/risc-v embedded gcc/bin/../lib/gcc/riscv-none-embed/8.2.0/../../../../riscv-none-embed/lib/rv32imac/ilp32\libg_nano.a
LOAD h:/risc-v_gcc/toolchain/risc-v embedded gcc/bin/../lib/gcc/riscv-none-embed/8.2.0/../../../../riscv-none-embed/lib/rv32imac/ilp32\libc_nano.a
LOAD h:/risc-v_gcc/toolchain/risc-v embedded gcc/bin/../lib/gcc/riscv-none-embed/8.2.0/rv32imac/ilp32\libgcc.a
START GROUP
LOAD h:/risc-v_gcc/toolchain/risc-v embedded gcc/bin/../lib/gcc/riscv-none-embed/8.2.0/rv32imac/ilp32\libgcc.a
LOAD h:/risc-v_gcc/toolchain/risc-v embedded gcc/bin/../lib/gcc/riscv-none-embed/8.2.0/../../../../riscv-none-embed/lib/rv32imac/ilp32\libc_nano.a
LOAD h:/risc-v_gcc/toolchain/risc-v embedded gcc/bin/../lib/gcc/riscv-none-embed/8.2.0/../../../../riscv-none-embed/lib/rv32imac/ilp32\libnosys.a
END GROUP
START GROUP
LOAD h:/risc-v_gcc/toolchain/risc-v embedded gcc/bin/../lib/gcc/riscv-none-embed/8.2.0/rv32imac/ilp32\libgcc.a
LOAD h:/risc-v_gcc/toolchain/risc-v embedded gcc/bin/../lib/gcc/riscv-none-embed/8.2.0/../../../../riscv-none-embed/lib/rv32imac/ilp32\libc_nano.a
LOAD h:/risc-v_gcc/toolchain/risc-v embedded gcc/bin/../lib/gcc/riscv-none-embed/8.2.0/../../../../riscv-none-embed/lib/rv32imac/ilp32\libnosys.a
END GROUP

.init           0x0000000000000000        0x4
                0x0000000000000000                _sinit = .
                0x0000000000000000                . = ALIGN (0x4)
 *(SORT_NONE(.init))
 .init          0x0000000000000000        0x4 build/startup_CH583.o
                0x0000000000000000                _start
                0x0000000000000004                . = ALIGN (0x4)
                0x0000000000000004                _einit = .

.highcodelalign
                0x0000000000000004        0x0
                0x0000000000000004                . = ALIGN (0x4)
                0x0000000000000004                PROVIDE (_highcode_lma = .)

.highcode       0x0000000020000000      0xaf8 load address 0x0000000000000004
                0x0000000020000000                . = ALIGN (0x4)
                0x0000000020000000                PROVIDE (_highcode_vma_start = .)
 *(.vector)
 .vector        0x0000000020000000       0x90 build/startup_CH583.o
 *(SORT_NONE(.vector_handler))
 .vector_handler
                0x0000000020000090       0x36 build/startup_CH583.o
                0x0000000020000090                NMI_Handler
                0x0000000020000094                Ecall_M_Mode_Handler
                0x0000000020000096                Ecall_U_Mode_Handler
                0x0000000020000098                Break_Point_Handler
                0x000000002000009e                TMR0_IRQHandler
                0x00000000200000a0                GPIOA_IRQHandler
                0x00000000200000a2                GPIOB_IRQHandler
                0x00000000200000a4                SPI0_IRQHandler
                0x00000000200000a6                BB_IRQHandler
                0x00000000200000a8                LLE_IRQHandler
                0x00000000200000ac                USB2_IRQHandler
                0x00000000200000ae                TMR1_IRQHandler
                0x00000000200000b0                TMR2_IRQHandler
                0x00000000200000b2                UART0_IRQHandler
                0x00000000200000b4                UART1_IRQHandler
                0x00000000200000b6                RTC_IRQHandler
                0x00000000200000b8                ADC_IRQHandler
                0x00000000200000ba                I2C_IRQHandler
                0x00000000200000bc                PWMX_IRQHandler
                0x00000000200000be                TMR3_IRQHandler
                0x00000000200000c0                UART2_IRQHandler
                0x00000000200000c2                UART3_IRQHandler
                0x00000000200000c4                WDOG_BAT_IRQHandler
                0x00000000200000c8                . = ALIGN (0x4)
 *fill*         0x00000000200000c6        0x2 
 *(wch_user_vectors)
 wch_user_vectors
                0x00000000200000c8       0x90 build/cpuport.o
                0x00000000200000c8                wch_user_irq_table
                0x0000000020000158                . = ALIGN (0x4)
 *(.highcode)
 .highcode      0x0000000020000158       0xb8 build/context_gcc.o
                0x0000000020000158                rt_hw_interrupt_disable
                0x0000000020000164                rt_hw_interrupt_enable
                0x000000002000016c                rt_hw_context_switch_to
                0x0000000020000180                rt_hw_context_switch
                0x00000000200001c8                rt_hw_context_switch_exit
 .highcode      0x0000000020000210       0xea build/interrupt_gcc.o
                0x0000000020000210                unified_interrupt_handler
                0x0000000020000288                SW_Handler
 .highcode      0x00000000200002fa      0x426 ../../LIB\libISP583.a(ISP583.o)
                0x00000000200002fa                FLASH_ROM_BEG
                0x000000002000030c                FLASH_ROM_END
                0x000000002000031a                FLASH_ROM_IN
                0x0000000020000328                FLASH_ROM_OUT
                0x0000000020000336                FLASH_ROM_ADDR
                0x000000002000037e                FLASH_ROM_WAIT
                0x00000000200003b6                FLASH_EEPROM_CMD
 *(.highcode.*)
 .highcode.rt_tick_get
                0x0000000020000720        0x8 build/clock.o
                0x0000000020000720                rt_tick_get
 .highcode.rt_tick_increase
                0x0000000020000728       0x26 build/clock.o
                0x0000000020000728                rt_tick_increase
 .highcode.rt_schedule
                0x000000002000074e       0x5e build/scheduler.o
                0x000000002000074e                rt_schedule
 .highcode.rt_thread_self
                0x00000000200007ac        0x8 build/thread.o
                0x00000000200007ac                rt_thread_self
 .highcode.rt_thread_yield
                0x00000000200007b4       0x56 build/thread.o
                0x00000000200007b4                rt_thread_yield
 .highcode.rt_timer_check
                0x000000002000080a       0xc2 build/timer.o
                0x000000002000080a                rt_timer_check
 .highcode.rt_hw_context_switch_interrupt
                0x00000000200008cc       0x22 build/cpuport.o
                0x00000000200008cc                rt_hw_context_switch_interrupt
 .highcode.user_interrupt_handler
                0x00000000200008ee       0x3c build/cpuport.o
                0x00000000200008ee                user_interrupt_handler
 .highcode.SysTick_Handler
                0x000000002000092a       0x14 build/board.o
                0x000000002000092a                SysTick_Handler
 .highcode.SetSysClock
                0x000000002000093e      0x170 build/CH58x_sys.o
                0x000000002000093e                SetSysClock
 .highcode.HardFault_Handler
                0x0000000020000aae       0x3c build/CH58x_sys.o
                0x0000000020000aae                HardFault_Handler
 .highcode.mDelayuS
                0x0000000020000aea        0xe build/CH58x_sys.o
                0x0000000020000aea                mDelayuS
                0x0000000020000af8                . = ALIGN (0x4)
 *fill*         0x0000000020000af8        0x0 
                0x0000000020000af8                PROVIDE (_highcode_vma_end = .)

.text           0x0000000000000b00     0x5020
                0x0000000000000b00                . = ALIGN (0x4)
 *(SORT_NONE(.handle_reset))
 .handle_reset  0x0000000000000b00       0xb2 build/startup_CH583.o
                0x0000000000000b00                handle_reset
 *(.text)
 *(.text.*)
 .text.host_set_driver
                0x0000000000000bb2        0x6 build/host.o
                0x0000000000000bb2                host_set_driver
 .text.host_keyboard_leds
                0x0000000000000bb8       0x12 build/host.o
                0x0000000000000bb8                host_keyboard_leds
 .text.host_keyboard_send
                0x0000000000000bca       0x9e build/host.o
                0x0000000000000bca                host_keyboard_send
 .text.host_mouse_send
                0x0000000000000c68       0x10 build/host.o
                0x0000000000000c68                host_mouse_send
 .text.host_system_send
                0x0000000000000c78       0x44 build/host.o
                0x0000000000000c78                host_system_send
 .text.host_consumer_send
                0x0000000000000cbc       0x44 build/host.o
                0x0000000000000cbc                host_consumer_send
 .text.keyboard_task
                0x0000000000000d00       0xde build/keyboard.o
                0x0000000000000d00                keyboard_task
 .text.matrix_print
                0x0000000000000dde       0x58 build/matrix.o
                0x0000000000000dde                matrix_print
 .text.action_exec
                0x0000000000000e36       0x3e build/action.o
                0x0000000000000e36                action_exec
 .text.register_code
                0x0000000000000e74      0x212 build/action.o
                0x0000000000000e74                register_code
 .text.unregister_code
                0x0000000000001086       0xda build/action.o
                0x0000000000001086                unregister_code
 .text.register_mods
                0x0000000000001160       0x14 build/action.o
                0x0000000000001160                register_mods
 .text.unregister_mods
                0x0000000000001174       0x14 build/action.o
                0x0000000000001174                unregister_mods
 .text.clear_keyboard_but_mods
                0x0000000000001188       0x24 build/action.o
                0x0000000000001188                clear_keyboard_but_mods
 .text.clear_keyboard
                0x00000000000011ac        0xe build/action.o
                0x00000000000011ac                clear_keyboard
 .text.process_action
                0x00000000000011ba      0x4c2 build/action.o
                0x00000000000011ba                process_action
 .text.is_tap_key
                0x000000000000167c       0x8c build/action.o
                0x000000000000167c                is_tap_key
 .text.debug_event
                0x0000000000001708        0x6 build/action.o
                0x0000000000001708                debug_event
 .text.debug_record
                0x000000000000170e        0x6 build/action.o
                0x000000000000170e                debug_record
 .text.debug_waiting_buffer
                0x0000000000001714       0x34 build/action_tapping.o
 .text.debug_tapping_key
                0x0000000000001748        0xa build/action_tapping.o
 .text.waiting_buffer_scan_tap
                0x0000000000001752       0xb8 build/action_tapping.o
 .text.process_tapping
                0x000000000000180a      0x3e2 build/action_tapping.o
 .text.action_tapping_process
                0x0000000000001bec       0xca build/action_tapping.o
                0x0000000000001bec                action_tapping_process
 .text.action_macro_play
                0x0000000000001cb6      0x112 build/action_macro.o
                0x0000000000001cb6                action_macro_play
 .text.layer_state_set
                0x0000000000001dc8        0x6 build/action_layer.o
 .text.default_layer_debug
                0x0000000000001dce        0x2 build/action_layer.o
                0x0000000000001dce                default_layer_debug
 .text.default_layer_or
                0x0000000000001dd0        0xc build/action_layer.o
                0x0000000000001dd0                default_layer_or
 .text.default_layer_and
                0x0000000000001ddc        0xc build/action_layer.o
                0x0000000000001ddc                default_layer_and
 .text.default_layer_xor
                0x0000000000001de8        0xc build/action_layer.o
                0x0000000000001de8                default_layer_xor
 .text.layer_clear
                0x0000000000001df4        0x4 build/action_layer.o
                0x0000000000001df4                layer_clear
 .text.layer_move
                0x0000000000001df8        0x8 build/action_layer.o
                0x0000000000001df8                layer_move
 .text.layer_on
                0x0000000000001e00       0x10 build/action_layer.o
                0x0000000000001e00                layer_on
 .text.layer_off
                0x0000000000001e10       0x14 build/action_layer.o
                0x0000000000001e10                layer_off
 .text.layer_invert
                0x0000000000001e24       0x10 build/action_layer.o
                0x0000000000001e24                layer_invert
 .text.layer_or
                0x0000000000001e34        0xa build/action_layer.o
                0x0000000000001e34                layer_or
 .text.layer_and
                0x0000000000001e3e        0xa build/action_layer.o
                0x0000000000001e3e                layer_and
 .text.layer_xor
                0x0000000000001e48        0xa build/action_layer.o
                0x0000000000001e48                layer_xor
 .text.layer_debug
                0x0000000000001e52        0x2 build/action_layer.o
                0x0000000000001e52                layer_debug
 .text.current_layer_for_key
                0x0000000000001e54       0x62 build/action_layer.o
                0x0000000000001e54                current_layer_for_key
 .text.layer_switch_get_action
                0x0000000000001eb6       0x78 build/action_layer.o
                0x0000000000001eb6                layer_switch_get_action
 .text.add_key  0x0000000000001f2e      0x11e build/action_util.o
                0x0000000000001f2e                add_key
 .text.del_key  0x000000000000204c       0xe8 build/action_util.o
                0x000000000000204c                del_key
 .text.clear_keys
                0x0000000000002134       0x1e build/action_util.o
                0x0000000000002134                clear_keys
 .text.get_mods
                0x0000000000002152        0x6 build/action_util.o
                0x0000000000002152                get_mods
 .text.add_mods
                0x0000000000002158       0x10 build/action_util.o
                0x0000000000002158                add_mods
 .text.del_mods
                0x0000000000002168       0x14 build/action_util.o
                0x0000000000002168                del_mods
 .text.set_mods
                0x000000000000217c        0x6 build/action_util.o
                0x000000000000217c                set_mods
 .text.clear_mods
                0x0000000000002182        0x6 build/action_util.o
                0x0000000000002182                clear_mods
 .text.add_weak_mods
                0x0000000000002188       0x10 build/action_util.o
                0x0000000000002188                add_weak_mods
 .text.del_weak_mods
                0x0000000000002198       0x14 build/action_util.o
                0x0000000000002198                del_weak_mods
 .text.clear_weak_mods
                0x00000000000021ac        0x6 build/action_util.o
                0x00000000000021ac                clear_weak_mods
 .text.set_oneshot_mods
                0x00000000000021b2        0x6 build/action_util.o
                0x00000000000021b2                set_oneshot_mods
 .text.clear_oneshot_mods
                0x00000000000021b8        0x6 build/action_util.o
                0x00000000000021b8                clear_oneshot_mods
 .text.has_anykey
                0x00000000000021be       0x28 build/action_util.o
                0x00000000000021be                has_anykey
 .text.send_keyboard_report
                0x00000000000021e6       0x42 build/action_util.o
                0x00000000000021e6                send_keyboard_report
 .text.bitrev   0x0000000000002228       0x2e build/util.o
                0x0000000000002228                bitrev
 .text.bitrev16
                0x0000000000002256       0x2c build/util.o
                0x0000000000002256                bitrev16
 .text.hook_keyboard_loop
                0x0000000000002282        0x2 build/hook.o
                0x0000000000002282                hook_keyboard_loop
 .text.hook_matrix_change
                0x0000000000002284        0x6 build/hook.o
                0x0000000000002284                hook_matrix_change
 .text.hook_default_layer_change
                0x000000000000228a        0x2 build/hook.o
                0x000000000000228a                hook_default_layer_change
 .text.hook_layer_change
                0x000000000000228c        0x2 build/hook.o
                0x000000000000228c                hook_layer_change
 .text.hook_process_action
                0x000000000000228e        0x4 build/hook.o
                0x000000000000228e                hook_process_action
 .text.action_get_macro
                0x0000000000002292        0x4 build/actionmap.o
                0x0000000000002292                action_get_macro
 .text.action_function
                0x0000000000002296        0x2 build/actionmap.o
                0x0000000000002296                action_function
 .text.move_unit
                0x0000000000002298       0x7a build/mousekey.o
 .text.wheel_unit
                0x0000000000002312       0x60 build/mousekey.o
 .text.mousekey_on
                0x0000000000002372      0x120 build/mousekey.o
                0x0000000000002372                mousekey_on
 .text.mousekey_off
                0x0000000000002492      0x146 build/mousekey.o
                0x0000000000002492                mousekey_off
 .text.mousekey_send
                0x00000000000025d8       0xde build/mousekey.o
                0x00000000000025d8                mousekey_send
 .text.mousekey_task
                0x00000000000026b6      0x148 build/mousekey.o
                0x00000000000026b6                mousekey_task
 .text.mousekey_clear
                0x00000000000027fe       0x16 build/mousekey.o
                0x00000000000027fe                mousekey_clear
 .text.xprintf  0x0000000000002814       0x34 build/xprintf.o
                0x0000000000002814                xprintf
 .text.matrix_init
                0x0000000000002848       0x96 build/keyboard_matrix.o
                0x0000000000002848                matrix_init
 .text.matrix_scan
                0x00000000000028de       0xd8 build/keyboard_matrix.o
                0x00000000000028de                matrix_scan
 .text.matrix_get_row
                0x00000000000029b6        0xe build/keyboard_matrix.o
                0x00000000000029b6                matrix_get_row
 .text.process_record_kb
                0x00000000000029c4        0x2 build/process_record_kb.o
                0x00000000000029c4                process_record_kb
 .text.timer_read
                0x00000000000029c6       0x1e build/keyboard_timer.o
                0x00000000000029c6                timer_read
 .text.timer_elapsed
                0x00000000000029e4       0x18 build/keyboard_timer.o
                0x00000000000029e4                timer_elapsed
 .text.bootloader_jump
                0x00000000000029fc        0x2 build/bootloader.o
                0x00000000000029fc                bootloader_jump
 .text.keyboard_leds
                0x00000000000029fe        0x2 build/keyboard_host_driver.o
                0x00000000000029fe                keyboard_leds
 .text.send_mouse
                0x0000000000002a00        0x8 build/keyboard_host_driver.o
                0x0000000000002a00                send_mouse
 .text.send_system
                0x0000000000002a08       0x18 build/keyboard_host_driver.o
                0x0000000000002a08                send_system
 .text.send_consumer
                0x0000000000002a20       0x18 build/keyboard_host_driver.o
                0x0000000000002a20                send_consumer
 .text.send_keyboard
                0x0000000000002a38       0x1c build/keyboard_host_driver.o
                0x0000000000002a38                send_keyboard
 .text.usb_send_key
                0x0000000000002a54       0xbe build/usbuser1.o
                0x0000000000002a54                usb_send_key
 .text.hid_send_data
                0x0000000000002b12       0x3a build/usbuser1.o
                0x0000000000002b12                hid_send_data
 .text.USB_Init
                0x0000000000002b4c       0x3a build/usbuser1.o
                0x0000000000002b4c                USB_Init
 .text.check_keymap
                0x0000000000002b86       0x26 build/eeprom.o
 .text.action_for_key
                0x0000000000002bac       0x7e build/eeprom.o
                0x0000000000002bac                action_for_key
 .text.storage_read
                0x0000000000002c2a       0x68 build/eeprom.o
                0x0000000000002c2a                storage_read
 .text.rti_start
                0x0000000000002c92        0x4 build/components.o
 .text.rti_end  0x0000000000002c96        0x4 build/components.o
 .text.rti_board_start
                0x0000000000002c9a        0x4 build/components.o
 .text.rti_board_end
                0x0000000000002c9e        0x4 build/components.o
 .text.rt_components_board_init
                0x0000000000002ca2       0x2e build/components.o
                0x0000000000002ca2                rt_components_board_init
 .text.rt_components_init
                0x0000000000002cd0       0x2e build/components.o
                0x0000000000002cd0                rt_components_init
 .text.main_thread_entry
                0x0000000000002cfe        0xe build/components.o
                0x0000000000002cfe                main_thread_entry
 .text.rt_application_init
                0x0000000000002d0c       0x2a build/components.o
                0x0000000000002d0c                rt_application_init
 .text.rtthread_startup
                0x0000000000002d36       0x2e build/components.o
                0x0000000000002d36                rtthread_startup
 .text.entry    0x0000000000002d64        0xe build/components.o
                0x0000000000002d64                entry
 .text.rt_thread_idle_excute
                0x0000000000002d72       0x58 build/idle.o
                0x0000000000002d72                rt_thread_idle_excute
 .text.rt_thread_idle_entry
                0x0000000000002dca       0x20 build/idle.o
 .text.rt_thread_idle_init
                0x0000000000002dea       0x3c build/idle.o
                0x0000000000002dea                rt_thread_idle_init
 .text.rt_ipc_list_suspend
                0x0000000000002e26       0x5e build/ipc.o
 .text.rt_sem_init
                0x0000000000002e84       0x32 build/ipc.o
                0x0000000000002e84                rt_sem_init
 .text.rt_sem_take
                0x0000000000002eb6       0x94 build/ipc.o
                0x0000000000002eb6                rt_sem_take
 .text.rt_sem_release
                0x0000000000002f4a       0x6e build/ipc.o
                0x0000000000002f4a                rt_sem_release
 .text.rt_mb_create
                0x0000000000002fb8       0x5a build/ipc.o
                0x0000000000002fb8                rt_mb_create
 .text.rt_mb_recv
                0x0000000000003012      0x15e build/ipc.o
                0x0000000000003012                rt_mb_recv
 .text.rt_interrupt_enter
                0x0000000000003170        0xc build/irq.o
                0x0000000000003170                rt_interrupt_enter
 .text.rt_interrupt_leave
                0x000000000000317c        0xc build/irq.o
                0x000000000000317c                rt_interrupt_leave
 .text.rt_memset
                0x0000000000003188       0x88 build/kservice.o
                0x0000000000003188                rt_memset
 .text.rt_strncpy
                0x0000000000003210       0x2c build/kservice.o
                0x0000000000003210                rt_strncpy
 .text.rt_show_version
                0x000000000000323c        0x2 build/kservice.o
                0x000000000000323c                rt_show_version
 .text.__rt_ffs
                0x000000000000323e       0x58 build/kservice.o
                0x000000000000323e                __rt_ffs
 .text.plug_holes
                0x0000000000003296       0x64 build/mem.o
 .text.rt_system_heap_init
                0x00000000000032fa       0x6e build/mem.o
                0x00000000000032fa                rt_system_heap_init
 .text.rt_malloc
                0x0000000000003368      0x12c build/mem.o
                0x0000000000003368                rt_malloc
 .text.rt_free  0x0000000000003494       0x8c build/mem.o
                0x0000000000003494                rt_free
 .text.rt_object_get_information
                0x0000000000003520       0x28 build/object.o
                0x0000000000003520                rt_object_get_information
 .text.rt_object_init
                0x0000000000003548       0x70 build/object.o
                0x0000000000003548                rt_object_init
 .text.rt_object_detach
                0x00000000000035b8       0x32 build/object.o
                0x00000000000035b8                rt_object_detach
 .text.rt_object_allocate
                0x00000000000035ea       0x68 build/object.o
                0x00000000000035ea                rt_object_allocate
 .text.rt_object_delete
                0x0000000000003652       0x36 build/object.o
                0x0000000000003652                rt_object_delete
 .text.rt_object_is_systemobject
                0x0000000000003688        0x8 build/object.o
                0x0000000000003688                rt_object_is_systemobject
 .text.rt_system_scheduler_init
                0x0000000000003690       0x32 build/scheduler.o
                0x0000000000003690                rt_system_scheduler_init
 .text.rt_system_scheduler_start
                0x00000000000036c2       0x30 build/scheduler.o
                0x00000000000036c2                rt_system_scheduler_start
 .text.rt_schedule_insert_thread
                0x00000000000036f2       0x54 build/scheduler.o
                0x00000000000036f2                rt_schedule_insert_thread
 .text.rt_schedule_remove_thread
                0x0000000000003746       0x54 build/scheduler.o
                0x0000000000003746                rt_schedule_remove_thread
 .text.rt_enter_critical
                0x000000000000379a       0x26 build/scheduler.o
                0x000000000000379a                rt_enter_critical
 .text.rt_exit_critical
                0x00000000000037c0       0x50 build/scheduler.o
                0x00000000000037c0                rt_exit_critical
 .text._thread_cleanup_execute
                0x0000000000003810       0x2e build/thread.o
 .text.rt_thread_exit
                0x000000000000383e       0x6c build/thread.o
                0x000000000000383e                rt_thread_exit
 .text.rt_thread_timeout
                0x00000000000038aa       0x26 build/thread.o
                0x00000000000038aa                rt_thread_timeout
 .text.rt_thread_init
                0x00000000000038d0       0xa2 build/thread.o
                0x00000000000038d0                rt_thread_init
 .text.rt_thread_create
                0x0000000000003972       0xbc build/thread.o
                0x0000000000003972                rt_thread_create
 .text.rt_thread_suspend
                0x0000000000003a2e       0x54 build/thread.o
                0x0000000000003a2e                rt_thread_suspend
 .text.rt_thread_sleep
                0x0000000000003a82       0x5c build/thread.o
                0x0000000000003a82                rt_thread_sleep
 .text.rt_thread_delay
                0x0000000000003ade        0x2 build/thread.o
                0x0000000000003ade                rt_thread_delay
 .text.rt_thread_resume
                0x0000000000003ae0       0x56 build/thread.o
                0x0000000000003ae0                rt_thread_resume
 .text.rt_thread_startup
                0x0000000000003b36       0x34 build/thread.o
                0x0000000000003b36                rt_thread_startup
 .text._rt_timer_remove.part.1
                0x0000000000003b6a       0x12 build/timer.o
 .text.rt_timer_init
                0x0000000000003b7c       0x42 build/timer.o
                0x0000000000003b7c                rt_timer_init
 .text.rt_timer_detach
                0x0000000000003bbe       0x3e build/timer.o
                0x0000000000003bbe                rt_timer_detach
 .text.rt_timer_start
                0x0000000000003bfc       0xc6 build/timer.o
                0x0000000000003bfc                rt_timer_start
 .text.rt_timer_stop
                0x0000000000003cc2       0x44 build/timer.o
                0x0000000000003cc2                rt_timer_stop
 .text.rt_timer_control
                0x0000000000003d06       0x74 build/timer.o
                0x0000000000003d06                rt_timer_control
 .text.rt_soft_timer_check
                0x0000000000003d7a       0xde build/timer.o
                0x0000000000003d7a                rt_soft_timer_check
 .text.rt_thread_timer_entry
                0x0000000000003e58       0x68 build/timer.o
 .text.rt_system_timer_init
                0x0000000000003ec0        0xa build/timer.o
                0x0000000000003ec0                rt_system_timer_init
 .text.rt_system_timer_thread_init
                0x0000000000003eca       0x42 build/timer.o
                0x0000000000003eca                rt_system_timer_thread_init
 .text.rt_hw_stack_init
                0x0000000000003f0c       0x2c build/cpuport.o
                0x0000000000003f0c                rt_hw_stack_init
 .text._SysTick_Config
                0x0000000000003f38       0x40 build/board.o
                0x0000000000003f38                _SysTick_Config
 .text.rt_heap_begin_get
                0x0000000000003f78        0xa build/board.o
                0x0000000000003f78                rt_heap_begin_get
 .text.rt_heap_end_get
                0x0000000000003f82        0xa build/board.o
                0x0000000000003f82                rt_heap_end_get
 .text.rt_hw_board_init
                0x0000000000003f8c       0x3a build/board.o
                0x0000000000003f8c                rt_hw_board_init
 .text.startup.main
                0x0000000000003fc6       0x22 build/main.o
                0x0000000000003fc6                main
 .text.kbd_task_entry
                0x0000000000003fe8       0x20 build/task_thread.o
 .text.kbd_event_entry
                0x0000000000004008       0x16 build/task_thread.o
 .text.Creat_kbd_task
                0x000000000000401e       0x32 build/task_thread.o
                0x000000000000401e                Creat_kbd_task
 .text.Creat_event_task
                0x0000000000004050       0x46 build/task_thread.o
                0x0000000000004050                Creat_event_task
 .text.Creat_usb_task
                0x0000000000004096        0x4 build/task_thread.o
                0x0000000000004096                Creat_usb_task
 .text.GPIOA_ModeCfg
                0x000000000000409a       0xa6 build/CH58x_gpio.o
                0x000000000000409a                GPIOA_ModeCfg
 .text.GPIOB_ModeCfg
                0x0000000000004140       0xa6 build/CH58x_gpio.o
                0x0000000000004140                GPIOB_ModeCfg
 .text.PWR_DCDCCfg
                0x00000000000041e6       0xae build/CH58x_pwr.o
                0x00000000000041e6                PWR_DCDCCfg
 .text.GetSysClock
                0x0000000000004294       0x42 build/CH58x_sys.o
                0x0000000000004294                GetSysClock
 .text.USB_DeviceInit
                0x00000000000042d6       0x7e build/CH58x_usbdev.o
                0x00000000000042d6                USB_DeviceInit
 .text.DevEP1_IN_Deal
                0x0000000000004354       0x16 build/CH58x_usbdev.o
                0x0000000000004354                DevEP1_IN_Deal
 .text.DevEP2_IN_Deal
                0x000000000000436a       0x16 build/CH58x_usbdev.o
                0x000000000000436a                DevEP2_IN_Deal
 .text.DevEP3_IN_Deal
                0x0000000000004380       0x16 build/CH58x_usbdev.o
                0x0000000000004380                DevEP3_IN_Deal
 .text.__muldf3
                0x0000000000004396      0x4b0 h:/risc-v_gcc/toolchain/risc-v embedded gcc/bin/../lib/gcc/riscv-none-embed/8.2.0/rv32imac/ilp32\libgcc.a(muldf3.o)
                0x0000000000004396                __muldf3
 .text.__fixdfsi
                0x0000000000004846       0x68 h:/risc-v_gcc/toolchain/risc-v embedded gcc/bin/../lib/gcc/riscv-none-embed/8.2.0/rv32imac/ilp32\libgcc.a(fixdfsi.o)
                0x0000000000004846                __fixdfsi
 .text.__floatsidf
                0x00000000000048ae       0x70 h:/risc-v_gcc/toolchain/risc-v embedded gcc/bin/../lib/gcc/riscv-none-embed/8.2.0/rv32imac/ilp32\libgcc.a(floatsidf.o)
                0x00000000000048ae                __floatsidf
 .text.__clzsi2
                0x000000000000491e       0x76 h:/risc-v_gcc/toolchain/risc-v embedded gcc/bin/../lib/gcc/riscv-none-embed/8.2.0/rv32imac/ilp32\libgcc.a(_clzsi2.o)
                0x000000000000491e                __clzsi2
 .text.memcpy   0x0000000000004994       0xb6 h:/risc-v_gcc/toolchain/risc-v embedded gcc/bin/../lib/gcc/riscv-none-embed/8.2.0/../../../../riscv-none-embed/lib/rv32imac/ilp32\libg_nano.a(lib_a-memcpy.o)
                0x0000000000004994                memcpy
 .text._vsprintf_r
                0x0000000000004a4a       0x2c h:/risc-v_gcc/toolchain/risc-v embedded gcc/bin/../lib/gcc/riscv-none-embed/8.2.0/../../../../riscv-none-embed/lib/rv32imac/ilp32\libg_nano.a(lib_a-vsprintf.o)
                0x0000000000004a4a                _vsprintf_r
                0x0000000000004a4a                _vsiprintf_r
 .text.vsprintf
                0x0000000000004a76        0xe h:/risc-v_gcc/toolchain/risc-v embedded gcc/bin/../lib/gcc/riscv-none-embed/8.2.0/../../../../riscv-none-embed/lib/rv32imac/ilp32\libg_nano.a(lib_a-vsprintf.o)
                0x0000000000004a76                vsiprintf
                0x0000000000004a76                vsprintf
 .text._free_r  0x0000000000004a84       0xa8 h:/risc-v_gcc/toolchain/risc-v embedded gcc/bin/../lib/gcc/riscv-none-embed/8.2.0/../../../../riscv-none-embed/lib/rv32imac/ilp32\libg_nano.a(lib_a-nano-freer.o)
                0x0000000000004a84                _free_r
 .text._malloc_r
                0x0000000000004b2c       0xd8 h:/risc-v_gcc/toolchain/risc-v embedded gcc/bin/../lib/gcc/riscv-none-embed/8.2.0/../../../../riscv-none-embed/lib/rv32imac/ilp32\libg_nano.a(lib_a-nano-mallocr.o)
                0x0000000000004b2c                _malloc_r
 .text.__ssputs_r
                0x0000000000004c04       0xe8 h:/risc-v_gcc/toolchain/risc-v embedded gcc/bin/../lib/gcc/riscv-none-embed/8.2.0/../../../../riscv-none-embed/lib/rv32imac/ilp32\libg_nano.a(lib_a-nano-svfprintf.o)
                0x0000000000004c04                __ssputs_r
 .text._svfprintf_r
                0x0000000000004cec      0x27a h:/risc-v_gcc/toolchain/risc-v embedded gcc/bin/../lib/gcc/riscv-none-embed/8.2.0/../../../../riscv-none-embed/lib/rv32imac/ilp32\libg_nano.a(lib_a-nano-svfprintf.o)
                0x0000000000004cec                _svfiprintf_r
                0x0000000000004cec                _svfprintf_r
 .text._printf_common
                0x0000000000004f66      0x10c h:/risc-v_gcc/toolchain/risc-v embedded gcc/bin/../lib/gcc/riscv-none-embed/8.2.0/../../../../riscv-none-embed/lib/rv32imac/ilp32\libg_nano.a(lib_a-nano-vfprintf_i.o)
                0x0000000000004f66                _printf_common
 .text._printf_i
                0x0000000000005072      0x2aa h:/risc-v_gcc/toolchain/risc-v embedded gcc/bin/../lib/gcc/riscv-none-embed/8.2.0/../../../../riscv-none-embed/lib/rv32imac/ilp32\libg_nano.a(lib_a-nano-vfprintf_i.o)
                0x0000000000005072                _printf_i
 .text._sbrk_r  0x000000000000531c       0x30 h:/risc-v_gcc/toolchain/risc-v embedded gcc/bin/../lib/gcc/riscv-none-embed/8.2.0/../../../../riscv-none-embed/lib/rv32imac/ilp32\libg_nano.a(lib_a-sbrkr.o)
                0x000000000000531c                _sbrk_r
 .text.memchr   0x000000000000534c       0x1a h:/risc-v_gcc/toolchain/risc-v embedded gcc/bin/../lib/gcc/riscv-none-embed/8.2.0/../../../../riscv-none-embed/lib/rv32imac/ilp32\libg_nano.a(lib_a-memchr.o)
                0x000000000000534c                memchr
 .text.memmove  0x0000000000005366       0x4a h:/risc-v_gcc/toolchain/risc-v embedded gcc/bin/../lib/gcc/riscv-none-embed/8.2.0/../../../../riscv-none-embed/lib/rv32imac/ilp32\libg_nano.a(lib_a-memmove.o)
                0x0000000000005366                memmove
 .text.__malloc_lock
                0x00000000000053b0        0x2 h:/risc-v_gcc/toolchain/risc-v embedded gcc/bin/../lib/gcc/riscv-none-embed/8.2.0/../../../../riscv-none-embed/lib/rv32imac/ilp32\libg_nano.a(lib_a-mlock.o)
                0x00000000000053b0                __malloc_lock
 .text.__malloc_unlock
                0x00000000000053b2        0x2 h:/risc-v_gcc/toolchain/risc-v embedded gcc/bin/../lib/gcc/riscv-none-embed/8.2.0/../../../../riscv-none-embed/lib/rv32imac/ilp32\libg_nano.a(lib_a-mlock.o)
                0x00000000000053b2                __malloc_unlock
 .text._realloc_r
                0x00000000000053b4       0x58 h:/risc-v_gcc/toolchain/risc-v embedded gcc/bin/../lib/gcc/riscv-none-embed/8.2.0/../../../../riscv-none-embed/lib/rv32imac/ilp32\libg_nano.a(lib_a-nano-reallocr.o)
                0x00000000000053b4                _realloc_r
 .text._malloc_usable_size_r
                0x000000000000540c       0x14 h:/risc-v_gcc/toolchain/risc-v embedded gcc/bin/../lib/gcc/riscv-none-embed/8.2.0/../../../../riscv-none-embed/lib/rv32imac/ilp32\libg_nano.a(lib_a-nano-msizer.o)
                0x000000000000540c                _malloc_usable_size_r
 .text._sbrk    0x0000000000005420       0x24 h:/risc-v_gcc/toolchain/risc-v embedded gcc/bin/../lib/gcc/riscv-none-embed/8.2.0/../../../../riscv-none-embed/lib/rv32imac/ilp32\libnosys.a(sbrk.o)
                0x0000000000005420                _sbrk
 *(.rodata)
 *(.rodata*)
 *fill*         0x0000000000005444        0x0 
 .rodata.actionmaps
                0x0000000000005444      0x230 build/keymap_plain.o
                0x0000000000005444                actionmaps
 .rodata.host_consumer_send.str1.4
                0x0000000000005674       0x10 build/host.o
 .rodata.host_keyboard_send.str1.4
                0x0000000000005684       0x12 build/host.o
                                         0x16 (size before relaxing)
 *fill*         0x0000000000005696        0x2 
 .rodata.host_system_send.str1.4
                0x0000000000005698        0xe build/host.o
 *fill*         0x00000000000056a6        0x2 
 .rodata.matrix_print.str1.4
                0x00000000000056a8       0x24 build/matrix.o
                                         0x28 (size before relaxing)
 .rodata.process_action
                0x00000000000056cc       0x40 build/action.o
 .rodata.add_key.str1.4
                0x000000000000570c       0x1e build/action_util.o
 *fill*         0x000000000000572a        0x2 
 .rodata.del_key.str1.4
                0x000000000000572c       0x1e build/action_util.o
 *fill*         0x000000000000574a        0x2 
 .rodata.mousekey_send.str1.4
                0x000000000000574c       0x43 build/mousekey.o
                                         0x47 (size before relaxing)
 *fill*         0x000000000000578f        0x1 
 .rodata.mousekey_task.cst8
                0x0000000000005790        0x8 build/mousekey.o
 .rodata.MATRIX_COL_PINS
                0x0000000000005798        0xe build/keyboard_matrix.o
 *fill*         0x00000000000057a6        0x2 
 .rodata.rt_application_init.str1.4
                0x00000000000057a8        0x5 build/components.o
 *fill*         0x00000000000057ad        0x3 
 .rodata.rt_thread_idle_init.str1.4
                0x00000000000057b0        0x6 build/idle.o
 *fill*         0x00000000000057b6        0x2 
 .rodata.__lowest_bit_bitmap
                0x00000000000057b8      0x100 build/kservice.o
                0x00000000000057b8                __lowest_bit_bitmap
 .rodata.rt_system_heap_init.str1.4
                0x00000000000058b8        0x5 build/mem.o
 *fill*         0x00000000000058bd        0x3 
 .rodata.rt_timer_control
                0x00000000000058c0       0x14 build/timer.o
 .rodata.rt_system_timer_thread_init.str1.4
                0x00000000000058d4        0x6 build/timer.o
 *fill*         0x00000000000058da        0x2 
 .rodata.Creat_event_task.str1.4
                0x00000000000058dc       0x1a build/task_thread.o
 *fill*         0x00000000000058f6        0x2 
 .rodata.Creat_kbd_task.str1.4
                0x00000000000058f8        0x9 build/task_thread.o
 *fill*         0x0000000000005901        0x3 
 .rodata.GPIOA_ModeCfg
                0x0000000000005904       0x14 build/CH58x_gpio.o
 .rodata.GPIOB_ModeCfg
                0x0000000000005918       0x14 build/CH58x_gpio.o
 .rodata.__muldf3
                0x000000000000592c       0x40 h:/risc-v_gcc/toolchain/risc-v embedded gcc/bin/../lib/gcc/riscv-none-embed/8.2.0/rv32imac/ilp32\libgcc.a(muldf3.o)
 .rodata.__clz_tab
                0x000000000000596c      0x100 h:/risc-v_gcc/toolchain/risc-v embedded gcc/bin/../lib/gcc/riscv-none-embed/8.2.0/rv32imac/ilp32\libgcc.a(_clz.o)
                0x000000000000596c                __clz_tab
 .rodata.__sf_fake_stderr
                0x0000000000005a6c       0x20 h:/risc-v_gcc/toolchain/risc-v embedded gcc/bin/../lib/gcc/riscv-none-embed/8.2.0/../../../../riscv-none-embed/lib/rv32imac/ilp32\libg_nano.a(lib_a-findfp.o)
                0x0000000000005a6c                __sf_fake_stderr
 .rodata.__sf_fake_stdin
                0x0000000000005a8c       0x20 h:/risc-v_gcc/toolchain/risc-v embedded gcc/bin/../lib/gcc/riscv-none-embed/8.2.0/../../../../riscv-none-embed/lib/rv32imac/ilp32\libg_nano.a(lib_a-findfp.o)
                0x0000000000005a8c                __sf_fake_stdin
 .rodata.__sf_fake_stdout
                0x0000000000005aac       0x20 h:/risc-v_gcc/toolchain/risc-v embedded gcc/bin/../lib/gcc/riscv-none-embed/8.2.0/../../../../riscv-none-embed/lib/rv32imac/ilp32\libg_nano.a(lib_a-findfp.o)
                0x0000000000005aac                __sf_fake_stdout
 .rodata._svfprintf_r.str1.4
                0x0000000000005acc       0x13 h:/risc-v_gcc/toolchain/risc-v embedded gcc/bin/../lib/gcc/riscv-none-embed/8.2.0/../../../../riscv-none-embed/lib/rv32imac/ilp32\libg_nano.a(lib_a-nano-svfprintf.o)
 *fill*         0x0000000000005adf        0x1 
 .rodata._printf_i.str1.4
                0x0000000000005ae0       0x28 h:/risc-v_gcc/toolchain/risc-v embedded gcc/bin/../lib/gcc/riscv-none-embed/8.2.0/../../../../riscv-none-embed/lib/rv32imac/ilp32\libg_nano.a(lib_a-nano-vfprintf_i.o)
                                         0x25 (size before relaxing)
 *(.sdata2.*)
 .sdata2.MATRIX_ROW_PINS
                0x0000000000005b08        0x5 build/keyboard_matrix.o
 *(.glue_7)
 *(.glue_7t)
 *(.gnu.linkonce.t.*)
                0x0000000000005b10                . = ALIGN (0x4)
 *fill*         0x0000000000005b0d        0x3 
                0x0000000000005b10                __fsymtab_start = .
 *(FSymTab)
                0x0000000000005b10                __fsymtab_end = .
                0x0000000000005b10                . = ALIGN (0x4)
                0x0000000000005b10                __vsymtab_start = .
 *(VSymTab)
                0x0000000000005b10                __vsymtab_end = .
                0x0000000000005b10                . = ALIGN (0x4)
                0x0000000000005b10                . = ALIGN (0x4)
                0x0000000000005b10                __rt_init_start = .
 *(SORT_BY_NAME(.rti_fn*))
 .rti_fn.0      0x0000000000005b10        0x4 build/components.o
                0x0000000000005b10                __rt_init_rti_start
 .rti_fn.0.end  0x0000000000005b14        0x4 build/components.o
                0x0000000000005b14                __rt_init_rti_board_start
 .rti_fn.1.end  0x0000000000005b18        0x4 build/components.o
                0x0000000000005b18                __rt_init_rti_board_end
 .rti_fn.6.end  0x0000000000005b1c        0x4 build/components.o
                0x0000000000005b1c                __rt_init_rti_end
                0x0000000000005b20                __rt_init_end = .
                0x0000000000005b20                . = ALIGN (0x4)
                0x0000000000005b20                . = ALIGN (0x4)
                0x0000000000005b20                __rtmsymtab_start = .
 *(RTMSymTab)
                0x0000000000005b20                __rtmsymtab_end = .
                0x0000000000005b20                . = ALIGN (0x4)
                0x0000000000005b20                . = ALIGN (0x4)

.rela.dyn       0x0000000000005b20        0x0
 .rela.text.keyboard_task
                0x0000000000005b20        0x0 build/keymap_plain.o
 .rela.text.action_exec
                0x0000000000005b20        0x0 build/keymap_plain.o
 .rela.text.process_action
                0x0000000000005b20        0x0 build/keymap_plain.o
 .rela.text.layer_state_set
                0x0000000000005b20        0x0 build/keymap_plain.o
 .rela.text.default_layer_or
                0x0000000000005b20        0x0 build/keymap_plain.o
 .rela.text.default_layer_and
                0x0000000000005b20        0x0 build/keymap_plain.o
 .rela.text.default_layer_xor
                0x0000000000005b20        0x0 build/keymap_plain.o
 .relawch_user_vectors
                0x0000000000005b20        0x0 build/keymap_plain.o
 .rela.text.rt_hw_board_init
                0x0000000000005b20        0x0 build/keymap_plain.o
 .rela.highcode
                0x0000000000005b20        0x0 build/keymap_plain.o
 .rela.init     0x0000000000005b20        0x0 build/keymap_plain.o
 .rela.vector   0x0000000000005b20        0x0 build/keymap_plain.o
 .rela.handle_reset
                0x0000000000005b20        0x0 build/keymap_plain.o
 .rela.text._svfprintf_r
                0x0000000000005b20        0x0 build/keymap_plain.o
 .rela.text._sbrk_r
                0x0000000000005b20        0x0 build/keymap_plain.o
 .rela.text._sbrk
                0x0000000000005b20        0x0 build/keymap_plain.o

.fini           0x0000000000005b20        0x0
 *(SORT_NONE(.fini))
                0x0000000000005b20                . = ALIGN (0x4)
                [!provide]                        PROVIDE (_etext = .)
                [!provide]                        PROVIDE (_eitcm = .)

.preinit_array  0x0000000000005b20        0x0
                [!provide]                        PROVIDE (__preinit_array_start = .)
 *(.preinit_array)
                [!provide]                        PROVIDE (__preinit_array_end = .)

.init_array     0x0000000000005b20        0x0
                [!provide]                        PROVIDE (__init_array_start = .)
 *(SORT_BY_INIT_PRIORITY(.init_array.*) SORT_BY_INIT_PRIORITY(.ctors.*))
 *(.init_array EXCLUDE_FILE(*crtend?.o *crtend.o *crtbegin?.o *crtbegin.o) .ctors)
                [!provide]                        PROVIDE (__init_array_end = .)

.fini_array     0x0000000000005b20        0x0
                [!provide]                        PROVIDE (__fini_array_start = .)
 *(SORT_BY_INIT_PRIORITY(.fini_array.*) SORT_BY_INIT_PRIORITY(.dtors.*))
 *(.fini_array EXCLUDE_FILE(*crtend?.o *crtend.o *crtbegin?.o *crtbegin.o) .dtors)
                [!provide]                        PROVIDE (__fini_array_end = .)

.ctors
 *crtbegin.o(.ctors)
 *crtbegin?.o(.ctors)
 *(EXCLUDE_FILE(*crtend?.o *crtend.o) .ctors)
 *(SORT_BY_NAME(.ctors.*))
 *(.ctors)

.dtors
 *crtbegin.o(.dtors)
 *crtbegin?.o(.dtors)
 *(EXCLUDE_FILE(*crtend?.o *crtend.o) .dtors)
 *(SORT_BY_NAME(.dtors.*))
 *(.dtors)

.dalign         0x0000000020000af8        0x0 load address 0x0000000000005b20
                0x0000000020000af8                . = (ORIGIN (RAM) + MAX (0x800, SIZEOF (.highcode)))

.dlalign        0x0000000000005b20        0x0
                0x0000000000005b20                . = ALIGN (0x4)
                0x0000000000005b20                PROVIDE (_data_lma = .)

.data           0x0000000020000af8       0xd0 load address 0x0000000000005b20
                0x0000000020000af8                . = ALIGN (0x4)
                0x0000000020000af8                PROVIDE (_data_vma = .)
 *(.gnu.linkonce.r.*)
 *(.data .data.*)
 .data.driver   0x0000000020000af8       0x14 build/keyboard_host_driver.o
                0x0000000020000af8                driver
 .data.rt_object_container
                0x0000000020000b0c       0x40 build/object.o
 .data.impure_data
                0x0000000020000b4c       0x60 h:/risc-v_gcc/toolchain/risc-v embedded gcc/bin/../lib/gcc/riscv-none-embed/8.2.0/../../../../riscv-none-embed/lib/rv32imac/ilp32\libg_nano.a(lib_a-impure.o)
 *(.gnu.linkonce.d.*)
                0x0000000020000bb0                . = ALIGN (0x8)
 *fill*         0x0000000020000bac        0x4 
                0x00000000200013b0                PROVIDE (__global_pointer$ = (. + 0x800))
 *(.sdata .sdata.*)
 .sdata.keyboard_report
                0x0000000020000bb0        0x4 build/action_util.o
                0x0000000020000bb0                keyboard_report
 .sdata.mk_delay
                0x0000000020000bb4        0x1 build/mousekey.o
                0x0000000020000bb4                mk_delay
 .sdata.mk_interval
                0x0000000020000bb5        0x1 build/mousekey.o
                0x0000000020000bb5                mk_interval
 .sdata.mk_max_speed
                0x0000000020000bb6        0x1 build/mousekey.o
                0x0000000020000bb6                mk_max_speed
 .sdata.mk_time_to_max
                0x0000000020000bb7        0x1 build/mousekey.o
                0x0000000020000bb7                mk_time_to_max
 .sdata.mk_wheel_max_speed
                0x0000000020000bb8        0x1 build/mousekey.o
                0x0000000020000bb8                mk_wheel_max_speed
 .sdata.mk_wheel_time_to_max
                0x0000000020000bb9        0x1 build/mousekey.o
                0x0000000020000bb9                mk_wheel_time_to_max
 .sdata.debouncing
                0x0000000020000bba        0x1 build/keyboard_matrix.o
 .sdata.keyboard_protocol
                0x0000000020000bbb        0x1 build/keyboard_host_driver.o
                0x0000000020000bbb                keyboard_protocol
 .sdata.mouse_report
                0x0000000020000bbc        0x6 build/usbuser1.o
                0x0000000020000bbc                mouse_report
 .sdata.soft_timer_status
                0x0000000020000bc2        0x1 build/timer.o
 *fill*         0x0000000020000bc3        0x1 
 .sdata._impure_ptr
                0x0000000020000bc4        0x4 h:/risc-v_gcc/toolchain/risc-v embedded gcc/bin/../lib/gcc/riscv-none-embed/8.2.0/../../../../riscv-none-embed/lib/rv32imac/ilp32\libg_nano.a(lib_a-impure.o)
                0x0000000020000bc4                _impure_ptr
 *(.gnu.linkonce.s.*)
                0x0000000020000bc8                . = ALIGN (0x8)
 *(.srodata.cst16)
 *(.srodata.cst8)
 *(.srodata.cst4)
 *(.srodata.cst2)
 *(.srodata .srodata.*)
                0x0000000020000bc8                . = ALIGN (0x4)
                0x0000000020000bc8                PROVIDE (_edata = .)

.bss            0x0000000020000bc8     0x30b4 load address 0x0000000000005bf0
                0x0000000020000bc8                . = ALIGN (0x4)
                0x0000000020000bc8                PROVIDE (_sbss = .)
 *(.sbss*)
 .sbss.driver   0x0000000020000bc8        0x4 build/host.o
 .sbss.keyboard_nkro
                0x0000000020000bcc        0x1 build/host.o
                0x0000000020000bcc                keyboard_nkro
 *fill*         0x0000000020000bcd        0x1 
 .sbss.last_consumer_report
                0x0000000020000bce        0x2 build/host.o
 .sbss.last_system_report
                0x0000000020000bd0        0x2 build/host.o
 *fill*         0x0000000020000bd2        0x2 
 .sbss.tapping_key
                0x0000000020000bd4        0x8 build/action_tapping.o
 .sbss.waiting_buffer_head
                0x0000000020000bdc        0x1 build/action_tapping.o
 .sbss.waiting_buffer_tail
                0x0000000020000bdd        0x1 build/action_tapping.o
 *fill*         0x0000000020000bde        0x2 
 .sbss.default_layer_state
                0x0000000020000be0        0x4 build/action_layer.o
                0x0000000020000be0                default_layer_state
 .sbss.layer_state
                0x0000000020000be4        0x4 build/action_layer.o
                0x0000000020000be4                layer_state
 .sbss.cb_count
                0x0000000020000be8        0x1 build/action_util.o
 .sbss.cb_head  0x0000000020000be9        0x1 build/action_util.o
 .sbss.cb_tail  0x0000000020000bea        0x1 build/action_util.o
 .sbss.oneshot_mods
                0x0000000020000beb        0x1 build/action_util.o
 .sbss.real_mods
                0x0000000020000bec        0x1 build/action_util.o
 .sbss.weak_mods
                0x0000000020000bed        0x1 build/action_util.o
 *fill*         0x0000000020000bee        0x2 
 .sbss.debug_config
                0x0000000020000bf0        0x1 build/debug.o
                0x0000000020000bf0                debug_config
 *fill*         0x0000000020000bf1        0x1 
 .sbss.last_timer
                0x0000000020000bf2        0x2 build/mousekey.o
 .sbss.mouse_report
                0x0000000020000bf4        0x5 build/mousekey.o
 .sbss.mousekey_accel
                0x0000000020000bf9        0x1 build/mousekey.o
 .sbss.mousekey_repeat
                0x0000000020000bfa        0x1 build/mousekey.o
 *fill*         0x0000000020000bfb        0x1 
 .sbss.extra_report
                0x0000000020000bfc        0x3 build/usbuser1.o
                0x0000000020000bfc                extra_report
 .sbss.keymap_valid
                0x0000000020000bff        0x1 build/eeprom.o
 .sbss.rt_tick  0x0000000020000c00        0x4 build/clock.o
 .sbss.rt_interrupt_nest
                0x0000000020000c04        0x1 build/irq.o
                0x0000000020000c04                rt_interrupt_nest
 *fill*         0x0000000020000c05        0x3 
 .sbss.heap_end
                0x0000000020000c08        0x4 build/mem.o
 .sbss.heap_ptr
                0x0000000020000c0c        0x4 build/mem.o
 .sbss.lfree    0x0000000020000c10        0x4 build/mem.o
 .sbss.max_mem  0x0000000020000c14        0x4 build/mem.o
 .sbss.mem_size_aligned
                0x0000000020000c18        0x4 build/mem.o
 .sbss.used_mem
                0x0000000020000c1c        0x4 build/mem.o
 .sbss.rt_current_priority
                0x0000000020000c20        0x1 build/scheduler.o
                0x0000000020000c20                rt_current_priority
 *fill*         0x0000000020000c21        0x3 
 .sbss.rt_current_thread
                0x0000000020000c24        0x4 build/scheduler.o
                0x0000000020000c24                rt_current_thread
 .sbss.rt_scheduler_lock_nest
                0x0000000020000c28        0x2 build/scheduler.o
 *fill*         0x0000000020000c2a        0x2 
 .sbss.rt_thread_defunct
                0x0000000020000c2c        0x8 build/scheduler.o
                0x0000000020000c2c                rt_thread_defunct
 .sbss.rt_thread_ready_priority_group
                0x0000000020000c34        0x4 build/scheduler.o
                0x0000000020000c34                rt_thread_ready_priority_group
 .sbss.random_nr.2127
                0x0000000020000c38        0x4 build/timer.o
 .sbss.rt_soft_timer_list
                0x0000000020000c3c        0x8 build/timer.o
 .sbss.rt_timer_list
                0x0000000020000c44        0x8 build/timer.o
 .sbss.rt_interrupt_from_thread
                0x0000000020000c4c        0x4 build/cpuport.o
                0x0000000020000c4c                rt_interrupt_from_thread
 .sbss.rt_interrupt_to_thread
                0x0000000020000c50        0x4 build/cpuport.o
                0x0000000020000c50                rt_interrupt_to_thread
 .sbss.rt_thread_switch_interrupt_flag
                0x0000000020000c54        0x4 build/cpuport.o
                0x0000000020000c54                rt_thread_switch_interrupt_flag
 .sbss.kbd_event_mail
                0x0000000020000c58        0x4 build/task_thread.o
 .sbss.pEP0_RAM_Addr
                0x0000000020000c5c        0x4 build/CH58x_usbdev.o
                0x0000000020000c5c                pEP0_RAM_Addr
 .sbss.pEP1_RAM_Addr
                0x0000000020000c60        0x4 build/CH58x_usbdev.o
                0x0000000020000c60                pEP1_RAM_Addr
 .sbss.pEP2_RAM_Addr
                0x0000000020000c64        0x4 build/CH58x_usbdev.o
                0x0000000020000c64                pEP2_RAM_Addr
 .sbss.pEP3_RAM_Addr
                0x0000000020000c68        0x4 build/CH58x_usbdev.o
                0x0000000020000c68                pEP3_RAM_Addr
 .sbss.__malloc_free_list
                0x0000000020000c6c        0x4 h:/risc-v_gcc/toolchain/risc-v embedded gcc/bin/../lib/gcc/riscv-none-embed/8.2.0/../../../../riscv-none-embed/lib/rv32imac/ilp32\libg_nano.a(lib_a-nano-mallocr.o)
                0x0000000020000c6c                __malloc_free_list
 .sbss.__malloc_sbrk_start
                0x0000000020000c70        0x4 h:/risc-v_gcc/toolchain/risc-v embedded gcc/bin/../lib/gcc/riscv-none-embed/8.2.0/../../../../riscv-none-embed/lib/rv32imac/ilp32\libg_nano.a(lib_a-nano-mallocr.o)
                0x0000000020000c70                __malloc_sbrk_start
 .sbss.heap_end.1518
                0x0000000020000c74        0x4 h:/risc-v_gcc/toolchain/risc-v embedded gcc/bin/../lib/gcc/riscv-none-embed/8.2.0/../../../../riscv-none-embed/lib/rv32imac/ilp32\libnosys.a(sbrk.o)
 *(.gnu.linkonce.sb.*)
 *(.bss*)
 .bss.matrix_prev.2300
                0x0000000020000c78        0xa build/keyboard.o
 *fill*         0x0000000020000c82        0x2 
 .bss.waiting_buffer
                0x0000000020000c84       0x40 build/action_tapping.o
 .bss.layer_pressed
                0x0000000020000cc4       0x46 build/action_layer.o
 *fill*         0x0000000020000d0a        0x2 
 .bss.__compound_literal.0
                0x0000000020000d0c       0x1c build/action_util.o
 .bss.matrix    0x0000000020000d28        0xa build/keyboard_matrix.o
 *fill*         0x0000000020000d32        0x2 
 .bss.matrix_debouncing
                0x0000000020000d34        0xa build/keyboard_matrix.o
 *fill*         0x0000000020000d3e        0x2 
 .bss.EP0_Databuf
                0x0000000020000d40       0xc0 build/usbuser1.o
                0x0000000020000d40                EP0_Databuf
 .bss.EP1_Databuf
                0x0000000020000e00       0x80 build/usbuser1.o
                0x0000000020000e00                EP1_Databuf
 .bss.EP2_Databuf
                0x0000000020000e80       0x80 build/usbuser1.o
                0x0000000020000e80                EP2_Databuf
 .bss.EP3_Databuf
                0x0000000020000f00       0x80 build/usbuser1.o
                0x0000000020000f00                EP3_Databuf
 .bss.nrko_report
                0x0000000020000f80       0x1d build/usbuser1.o
                0x0000000020000f80                nrko_report
 *fill*         0x0000000020000f9d        0x3 
 .bss.config_block
                0x0000000020000fa0       0x18 build/eeprom.o
                0x0000000020000fa0                config_block
 .bss.keymap_block
                0x0000000020000fb8      0x460 build/eeprom.o
                0x0000000020000fb8                keymap_block
 .bss.macro_block
                0x0000000020001418      0x400 build/eeprom.o
                0x0000000020001418                macro_block
 .bss.idle      0x0000000020001818       0x78 build/idle.o
 .bss.idle_hook_list
                0x0000000020001890       0x10 build/idle.o
 .bss.rt_thread_stack
                0x00000000200018a0      0x100 build/idle.o
 .bss.heap_sem  0x00000000200019a0       0x20 build/mem.o
 .bss.rt_thread_priority_table
                0x00000000200019c0       0x40 build/scheduler.o
                0x00000000200019c0                rt_thread_priority_table
 .bss.timer_thread
                0x0000000020001a00       0x78 build/timer.o
 .bss.timer_thread_stack
                0x0000000020001a78      0x200 build/timer.o
 .bss.rt_heap   0x0000000020001c78     0x2000 build/board.o
 *(.gnu.linkonce.b.*)
 *(COMMON*)
 COMMON         0x0000000020003c78        0x4 h:/risc-v_gcc/toolchain/risc-v embedded gcc/bin/../lib/gcc/riscv-none-embed/8.2.0/../../../../riscv-none-embed/lib/rv32imac/ilp32\libg_nano.a(lib_a-reent.o)
                0x0000000020003c78                errno
                0x0000000020003c7c                . = ALIGN (0x4)
                0x0000000020003c7c                PROVIDE (_ebss = .)
                [!provide]                        PROVIDE (_end = _ebss)
                0x0000000020003c7c                PROVIDE (end = .)

.stack          0x0000000020008000        0x0
                0x0000000020008000                . = ALIGN (0x4)
                0x0000000020008000                PROVIDE (_eusrstack = .)
OUTPUT(Zora61.elf elf32-littleriscv)

.debug_info     0x0000000000000000    0x1d79f
 .debug_info    0x0000000000000000      0xa16 build/keymap_plain.o
 .debug_info    0x0000000000000a16      0x5a4 build/host.o
 .debug_info    0x0000000000000fba      0x514 build/keyboard.o
 .debug_info    0x00000000000014ce      0x22c build/matrix.o
 .debug_info    0x00000000000016fa     0x192e build/action.o
 .debug_info    0x0000000000003028      0xfdd build/action_tapping.o
 .debug_info    0x0000000000004005      0x9ed build/action_macro.o
 .debug_info    0x00000000000049f2      0x945 build/action_layer.o
 .debug_info    0x0000000000005337      0x790 build/action_util.o
 .debug_info    0x0000000000005ac7      0x11e build/debug.o
 .debug_info    0x0000000000005be5      0x2d8 build/util.o
 .debug_info    0x0000000000005ebd      0x2bf build/hook.o
 .debug_info    0x000000000000617c      0x595 build/actionmap.o
 .debug_info    0x0000000000006711      0x841 build/mousekey.o
 .debug_info    0x0000000000006f52      0xcca build/xprintf.o
 .debug_info    0x0000000000007c1c     0x10fe build/keyboard_matrix.o
 .debug_info    0x0000000000008d1a      0xe8e build/process_record_kb.o
 .debug_info    0x0000000000009ba8      0x1fe build/keyboard_timer.o
 .debug_info    0x0000000000009da6       0x85 build/bootloader.o
 .debug_info    0x0000000000009e2b     0x10ec build/keyboard_host_driver.o
 .debug_info    0x000000000000af17     0x16fa build/usbuser1.o
 .debug_info    0x000000000000c611     0x17ee build/eeprom.o
 .debug_info    0x000000000000ddff      0x45a build/clock.o
 .debug_info    0x000000000000e259      0x5e9 build/components.o
 .debug_info    0x000000000000e842      0x699 build/idle.o
 .debug_info    0x000000000000eedb     0x13a2 build/ipc.o
 .debug_info    0x000000000001027d      0x117 build/irq.o
 .debug_info    0x0000000000010394     0x100b build/kservice.o
 .debug_info    0x000000000001139f      0x71e build/mem.o
 .debug_info    0x0000000000011abd      0x8b2 build/object.o
 .debug_info    0x000000000001236f      0x74f build/scheduler.o
 .debug_info    0x0000000000012abe     0x1258 build/thread.o
 .debug_info    0x0000000000013d16     0x11ef build/timer.o
 .debug_info    0x0000000000014f05     0x12c2 build/cpuport.o
 .debug_info    0x00000000000161c7     0x1261 build/board.o
 .debug_info    0x0000000000017428      0xd5e build/main.o
 .debug_info    0x0000000000018186     0x13e1 build/task_thread.o
 .debug_info    0x0000000000019567      0xe62 build/CH58x_gpio.o
 .debug_info    0x000000000001a3c9     0x1368 build/CH58x_pwr.o
 .debug_info    0x000000000001b731     0x12a5 build/CH58x_sys.o
 .debug_info    0x000000000001c9d6      0xd5b build/CH58x_usbdev.o
 .debug_info    0x000000000001d731       0x26 build/context_gcc.o
 .debug_info    0x000000000001d757       0x26 build/interrupt_gcc.o
 .debug_info    0x000000000001d77d       0x22 build/startup_CH583.o

.debug_abbrev   0x0000000000000000     0x63ed
 .debug_abbrev  0x0000000000000000      0x16b build/keymap_plain.o
 .debug_abbrev  0x000000000000016b      0x21d build/host.o
 .debug_abbrev  0x0000000000000388      0x1e8 build/keyboard.o
 .debug_abbrev  0x0000000000000570      0x15c build/matrix.o
 .debug_abbrev  0x00000000000006cc      0x363 build/action.o
 .debug_abbrev  0x0000000000000a2f      0x34e build/action_tapping.o
 .debug_abbrev  0x0000000000000d7d      0x1bc build/action_macro.o
 .debug_abbrev  0x0000000000000f39      0x2af build/action_layer.o
 .debug_abbrev  0x00000000000011e8      0x306 build/action_util.o
 .debug_abbrev  0x00000000000014ee       0xa2 build/debug.o
 .debug_abbrev  0x0000000000001590       0xb9 build/util.o
 .debug_abbrev  0x0000000000001649      0x18d build/hook.o
 .debug_abbrev  0x00000000000017d6      0x1aa build/actionmap.o
 .debug_abbrev  0x0000000000001980      0x23d build/mousekey.o
 .debug_abbrev  0x0000000000001bbd      0x268 build/xprintf.o
 .debug_abbrev  0x0000000000001e25      0x3bd build/keyboard_matrix.o
 .debug_abbrev  0x00000000000021e2      0x24a build/process_record_kb.o
 .debug_abbrev  0x000000000000242c      0x15b build/keyboard_timer.o
 .debug_abbrev  0x0000000000002587       0x44 build/bootloader.o
 .debug_abbrev  0x00000000000025cb      0x315 build/keyboard_host_driver.o
 .debug_abbrev  0x00000000000028e0      0x3a3 build/usbuser1.o
 .debug_abbrev  0x0000000000002c83      0x3d8 build/eeprom.o
 .debug_abbrev  0x000000000000305b      0x18d build/clock.o
 .debug_abbrev  0x00000000000031e8      0x201 build/components.o
 .debug_abbrev  0x00000000000033e9      0x274 build/idle.o
 .debug_abbrev  0x000000000000365d      0x356 build/ipc.o
 .debug_abbrev  0x00000000000039b3       0xc5 build/irq.o
 .debug_abbrev  0x0000000000003a78      0x3cc build/kservice.o
 .debug_abbrev  0x0000000000003e44      0x296 build/mem.o
 .debug_abbrev  0x00000000000040da      0x247 build/object.o
 .debug_abbrev  0x0000000000004321      0x252 build/scheduler.o
 .debug_abbrev  0x0000000000004573      0x3b3 build/thread.o
 .debug_abbrev  0x0000000000004926      0x3e4 build/timer.o
 .debug_abbrev  0x0000000000004d0a      0x341 build/cpuport.o
 .debug_abbrev  0x000000000000504b      0x329 build/board.o
 .debug_abbrev  0x0000000000005374      0x220 build/main.o
 .debug_abbrev  0x0000000000005594      0x301 build/task_thread.o
 .debug_abbrev  0x0000000000005895      0x268 build/CH58x_gpio.o
 .debug_abbrev  0x0000000000005afd      0x337 build/CH58x_pwr.o
 .debug_abbrev  0x0000000000005e34      0x368 build/CH58x_sys.o
 .debug_abbrev  0x000000000000619c      0x217 build/CH58x_usbdev.o
 .debug_abbrev  0x00000000000063b3       0x14 build/context_gcc.o
 .debug_abbrev  0x00000000000063c7       0x14 build/interrupt_gcc.o
 .debug_abbrev  0x00000000000063db       0x12 build/startup_CH583.o

.debug_loc      0x0000000000000000     0x83cb
 .debug_loc     0x0000000000000000       0x3a build/keymap_plain.o
 .debug_loc     0x000000000000003a       0xf4 build/host.o
 .debug_loc     0x000000000000012e       0xca build/keyboard.o
 .debug_loc     0x00000000000001f8       0x61 build/matrix.o
 .debug_loc     0x0000000000000259      0xaf0 build/action.o
 .debug_loc     0x0000000000000d49      0x4a1 build/action_tapping.o
 .debug_loc     0x00000000000011ea      0x2ad build/action_macro.o
 .debug_loc     0x0000000000001497      0x364 build/action_layer.o
 .debug_loc     0x00000000000017fb      0x371 build/action_util.o
 .debug_loc     0x0000000000001b6c      0x395 build/util.o
 .debug_loc     0x0000000000001f01       0x42 build/hook.o
 .debug_loc     0x0000000000001f43       0x42 build/actionmap.o
 .debug_loc     0x0000000000001f85      0x143 build/mousekey.o
 .debug_loc     0x00000000000020c8       0x4a build/xprintf.o
 .debug_loc     0x0000000000002112      0x211 build/keyboard_matrix.o
 .debug_loc     0x0000000000002323       0x21 build/process_record_kb.o
 .debug_loc     0x0000000000002344       0x84 build/keyboard_timer.o
 .debug_loc     0x00000000000023c8      0x22b build/keyboard_host_driver.o
 .debug_loc     0x00000000000025f3      0x4a4 build/usbuser1.o
 .debug_loc     0x0000000000002a97      0x6cc build/eeprom.o
 .debug_loc     0x0000000000003163       0xc6 build/clock.o
 .debug_loc     0x0000000000003229       0xa0 build/components.o
 .debug_loc     0x00000000000032c9      0x233 build/idle.o
 .debug_loc     0x00000000000034fc      0xbc6 build/ipc.o
 .debug_loc     0x00000000000040c2     0x1731 build/kservice.o
 .debug_loc     0x00000000000057f3      0x4b7 build/mem.o
 .debug_loc     0x0000000000005caa      0x69b build/object.o
 .debug_loc     0x0000000000006345      0x228 build/scheduler.o
 .debug_loc     0x000000000000656d      0x9aa build/thread.o
 .debug_loc     0x0000000000006f17      0xa74 build/timer.o
 .debug_loc     0x000000000000798b       0xe4 build/cpuport.o
 .debug_loc     0x0000000000007a6f       0x9a build/board.o
 .debug_loc     0x0000000000007b09       0x56 build/task_thread.o
 .debug_loc     0x0000000000007b5f      0x361 build/CH58x_gpio.o
 .debug_loc     0x0000000000007ec0      0x2ca build/CH58x_pwr.o
 .debug_loc     0x000000000000818a      0x241 build/CH58x_sys.o

.debug_aranges  0x0000000000000000      0xde0
 .debug_aranges
                0x0000000000000000       0x20 build/keymap_plain.o
 .debug_aranges
                0x0000000000000020       0x60 build/host.o
 .debug_aranges
                0x0000000000000080       0x40 build/keyboard.o
 .debug_aranges
                0x00000000000000c0       0x40 build/matrix.o
 .debug_aranges
                0x0000000000000100       0x80 build/action.o
 .debug_aranges
                0x0000000000000180       0x40 build/action_tapping.o
 .debug_aranges
                0x00000000000001c0       0x28 build/action_macro.o
 .debug_aranges
                0x00000000000001e8       0x98 build/action_layer.o
 .debug_aranges
                0x0000000000000280       0xb0 build/action_util.o
 .debug_aranges
                0x0000000000000330       0x18 build/debug.o
 .debug_aranges
                0x0000000000000348       0x60 build/util.o
 .debug_aranges
                0x00000000000003a8       0x40 build/hook.o
 .debug_aranges
                0x00000000000003e8       0x30 build/actionmap.o
 .debug_aranges
                0x0000000000000418       0x50 build/mousekey.o
 .debug_aranges
                0x0000000000000468       0x20 build/xprintf.o
 .debug_aranges
                0x0000000000000488       0x50 build/keyboard_matrix.o
 .debug_aranges
                0x00000000000004d8       0x20 build/process_record_kb.o
 .debug_aranges
                0x00000000000004f8       0x40 build/keyboard_timer.o
 .debug_aranges
                0x0000000000000538       0x20 build/bootloader.o
 .debug_aranges
                0x0000000000000558       0x48 build/keyboard_host_driver.o
 .debug_aranges
                0x00000000000005a0       0x68 build/usbuser1.o
 .debug_aranges
                0x0000000000000608       0x50 build/eeprom.o
 .debug_aranges
                0x0000000000000658       0x40 build/clock.o
 .debug_aranges
                0x0000000000000698       0x50 build/components.o
 .debug_aranges
                0x00000000000006e8       0x48 build/idle.o
 .debug_aranges
                0x0000000000000730       0xa8 build/ipc.o
 .debug_aranges
                0x00000000000007d8       0x30 build/irq.o
 .debug_aranges
                0x0000000000000808       0xd8 build/kservice.o
 .debug_aranges
                0x00000000000008e0       0x50 build/mem.o
 .debug_aranges
                0x0000000000000930       0x70 build/object.o
 .debug_aranges
                0x00000000000009a0       0x58 build/scheduler.o
 .debug_aranges
                0x00000000000009f8       0xa8 build/thread.o
 .debug_aranges
                0x0000000000000aa0       0x88 build/timer.o
 .debug_aranges
                0x0000000000000b28       0x38 build/cpuport.o
 .debug_aranges
                0x0000000000000b60       0x40 build/board.o
 .debug_aranges
                0x0000000000000ba0       0x20 build/main.o
 .debug_aranges
                0x0000000000000bc0       0x40 build/task_thread.o
 .debug_aranges
                0x0000000000000c00       0x48 build/CH58x_gpio.o
 .debug_aranges
                0x0000000000000c48       0x60 build/CH58x_pwr.o
 .debug_aranges
                0x0000000000000ca8       0x88 build/CH58x_sys.o
 .debug_aranges
                0x0000000000000d30       0x40 build/CH58x_usbdev.o
 .debug_aranges
                0x0000000000000d70       0x20 build/context_gcc.o
 .debug_aranges
                0x0000000000000d90       0x20 build/interrupt_gcc.o
 .debug_aranges
                0x0000000000000db0       0x30 build/startup_CH583.o

.debug_ranges   0x0000000000000000     0x1660
 .debug_ranges  0x0000000000000000       0x10 build/keymap_plain.o
 .debug_ranges  0x0000000000000010       0x68 build/host.o
 .debug_ranges  0x0000000000000078       0x68 build/keyboard.o
 .debug_ranges  0x00000000000000e0       0x30 build/matrix.o
 .debug_ranges  0x0000000000000110      0x1b8 build/action.o
 .debug_ranges  0x00000000000002c8       0xd0 build/action_tapping.o
 .debug_ranges  0x0000000000000398       0x18 build/action_macro.o
 .debug_ranges  0x00000000000003b0      0x108 build/action_layer.o
 .debug_ranges  0x00000000000004b8      0x108 build/action_util.o
 .debug_ranges  0x00000000000005c0       0x50 build/util.o
 .debug_ranges  0x0000000000000610       0x30 build/hook.o
 .debug_ranges  0x0000000000000640       0x20 build/actionmap.o
 .debug_ranges  0x0000000000000660       0x60 build/mousekey.o
 .debug_ranges  0x00000000000006c0       0x10 build/xprintf.o
 .debug_ranges  0x00000000000006d0      0x178 build/keyboard_matrix.o
 .debug_ranges  0x0000000000000848       0x10 build/process_record_kb.o
 .debug_ranges  0x0000000000000858       0x48 build/keyboard_timer.o
 .debug_ranges  0x00000000000008a0       0x10 build/bootloader.o
 .debug_ranges  0x00000000000008b0       0x90 build/keyboard_host_driver.o
 .debug_ranges  0x0000000000000940       0x90 build/usbuser1.o
 .debug_ranges  0x00000000000009d0       0xc8 build/eeprom.o
 .debug_ranges  0x0000000000000a98       0x30 build/clock.o
 .debug_ranges  0x0000000000000ac8       0x40 build/components.o
 .debug_ranges  0x0000000000000b08       0x90 build/idle.o
 .debug_ranges  0x0000000000000b98      0x1f0 build/ipc.o
 .debug_ranges  0x0000000000000d88       0x20 build/irq.o
 .debug_ranges  0x0000000000000da8      0x100 build/kservice.o
 .debug_ranges  0x0000000000000ea8       0x60 build/mem.o
 .debug_ranges  0x0000000000000f08       0xd0 build/object.o
 .debug_ranges  0x0000000000000fd8       0x98 build/scheduler.o
 .debug_ranges  0x0000000000001070      0x168 build/thread.o
 .debug_ranges  0x00000000000011d8      0x240 build/timer.o
 .debug_ranges  0x0000000000001418       0x28 build/cpuport.o
 .debug_ranges  0x0000000000001440       0x30 build/board.o
 .debug_ranges  0x0000000000001470       0x10 build/main.o
 .debug_ranges  0x0000000000001480       0x50 build/task_thread.o
 .debug_ranges  0x00000000000014d0       0x38 build/CH58x_gpio.o
 .debug_ranges  0x0000000000001508       0x88 build/CH58x_pwr.o
 .debug_ranges  0x0000000000001590       0x78 build/CH58x_sys.o
 .debug_ranges  0x0000000000001608       0x30 build/CH58x_usbdev.o
 .debug_ranges  0x0000000000001638       0x28 build/startup_CH583.o

.debug_line     0x0000000000000000    0x14567
 .debug_line    0x0000000000000000      0x174 build/keymap_plain.o
 .debug_line    0x0000000000000174      0x514 build/host.o
 .debug_line    0x0000000000000688      0x3bf build/keyboard.o
 .debug_line    0x0000000000000a47      0x281 build/matrix.o
 .debug_line    0x0000000000000cc8     0x12dc build/action.o
 .debug_line    0x0000000000001fa4      0xd43 build/action_tapping.o
 .debug_line    0x0000000000002ce7      0x492 build/action_macro.o
 .debug_line    0x0000000000003179      0x5cf build/action_layer.o
 .debug_line    0x0000000000003748      0xba2 build/action_util.o
 .debug_line    0x00000000000042ea       0xf4 build/debug.o
 .debug_line    0x00000000000043de      0x701 build/util.o
 .debug_line    0x0000000000004adf      0x1b0 build/hook.o
 .debug_line    0x0000000000004c8f      0x1b6 build/actionmap.o
 .debug_line    0x0000000000004e45      0xeac build/mousekey.o
 .debug_line    0x0000000000005cf1      0x295 build/xprintf.o
 .debug_line    0x0000000000005f86      0x7a7 build/keyboard_matrix.o
 .debug_line    0x000000000000672d      0x268 build/process_record_kb.o
 .debug_line    0x0000000000006995      0x278 build/keyboard_timer.o
 .debug_line    0x0000000000006c0d       0x51 build/bootloader.o
 .debug_line    0x0000000000006c5e      0x3ac build/keyboard_host_driver.o
 .debug_line    0x000000000000700a     0x14d8 build/usbuser1.o
 .debug_line    0x00000000000084e2      0x70a build/eeprom.o
 .debug_line    0x0000000000008bec      0x229 build/clock.o
 .debug_line    0x0000000000008e15      0x2f5 build/components.o
 .debug_line    0x000000000000910a      0x43c build/idle.o
 .debug_line    0x0000000000009546     0x13e2 build/ipc.o
 .debug_line    0x000000000000a928      0x11c build/irq.o
 .debug_line    0x000000000000aa44     0x1c44 build/kservice.o
 .debug_line    0x000000000000c688      0xc38 build/mem.o
 .debug_line    0x000000000000d2c0      0x92a build/object.o
 .debug_line    0x000000000000dbea      0x6f6 build/scheduler.o
 .debug_line    0x000000000000e2e0     0x1225 build/thread.o
 .debug_line    0x000000000000f505     0x11c0 build/timer.o
 .debug_line    0x00000000000106c5      0x497 build/cpuport.o
 .debug_line    0x0000000000010b5c      0x45f build/board.o
 .debug_line    0x0000000000010fbb      0x271 build/main.o
 .debug_line    0x000000000001122c      0x464 build/task_thread.o
 .debug_line    0x0000000000011690      0x6e2 build/CH58x_gpio.o
 .debug_line    0x0000000000011d72     0x1065 build/CH58x_pwr.o
 .debug_line    0x0000000000012dd7      0xcae build/CH58x_sys.o
 .debug_line    0x0000000000013a85      0x47d build/CH58x_usbdev.o
 .debug_line    0x0000000000013f02      0x21f build/context_gcc.o
 .debug_line    0x0000000000014121      0x257 build/interrupt_gcc.o
 .debug_line    0x0000000000014378      0x1ef build/startup_CH583.o

.debug_str      0x0000000000000000     0x45e6
 .debug_str     0x0000000000000000      0xb71 build/keymap_plain.o
                                        0xbfe (size before relaxing)
 .debug_str     0x0000000000000b71      0x192 build/host.o
                                        0x3c7 (size before relaxing)
 .debug_str     0x0000000000000d03      0x1ca build/keyboard.o
                                        0x43a (size before relaxing)
 .debug_str     0x0000000000000ecd       0x70 build/matrix.o
                                        0x24d (size before relaxing)
 .debug_str     0x0000000000000f3d      0x7a9 build/action.o
                                       0x1569 (size before relaxing)
 .debug_str     0x00000000000016e6       0xe0 build/action_tapping.o
                                        0xde6 (size before relaxing)
 .debug_str     0x00000000000017c6       0x82 build/action_macro.o
                                        0xbc8 (size before relaxing)
 .debug_str     0x0000000000001848       0xaf build/action_layer.o
                                        0x4e8 (size before relaxing)
 .debug_str     0x00000000000018f7       0xba build/action_util.o
                                        0x42f (size before relaxing)
 .debug_str     0x00000000000019b1       0x12 build/debug.o
                                        0x1e0 (size before relaxing)
 .debug_str     0x00000000000019c3       0x43 build/util.o
                                        0x20c (size before relaxing)
 .debug_str     0x0000000000001a06       0x45 build/hook.o
                                        0x301 (size before relaxing)
 .debug_str     0x0000000000001a4b       0x16 build/actionmap.o
                                        0x362 (size before relaxing)
 .debug_str     0x0000000000001a61       0x7e build/mousekey.o
                                        0x735 (size before relaxing)
 .debug_str     0x0000000000001adf      0x6ba build/xprintf.o
                                        0x8eb (size before relaxing)
 .debug_str     0x0000000000002199      0x3e5 build/keyboard_matrix.o
                                        0xa2c (size before relaxing)
 .debug_str     0x000000000000257e       0x43 build/process_record_kb.o
                                        0x7bb (size before relaxing)
 .debug_str     0x00000000000025c1       0x37 build/keyboard_timer.o
                                        0x249 (size before relaxing)
 .debug_str     0x00000000000025f8       0x1b build/bootloader.o
                                        0x1a4 (size before relaxing)
 .debug_str     0x0000000000002613       0xa4 build/keyboard_host_driver.o
                                        0xa08 (size before relaxing)
 .debug_str     0x00000000000026b7      0x3e2 build/usbuser1.o
                                        0xe9f (size before relaxing)
 .debug_str     0x0000000000002a99      0x134 build/eeprom.o
                                       0x1134 (size before relaxing)
 .debug_str     0x0000000000002bcd      0x1d2 build/clock.o
                                        0x3be (size before relaxing)
 .debug_str     0x0000000000002d9f      0x1c1 build/components.o
                                        0x4d9 (size before relaxing)
 .debug_str     0x0000000000002f60      0x110 build/idle.o
                                        0x467 (size before relaxing)
 .debug_str     0x0000000000003070      0x409 build/ipc.o
                                        0x77a (size before relaxing)
 .debug_str     0x0000000000003479       0x67 build/irq.o
                                        0x1fb (size before relaxing)
 .debug_str     0x00000000000034e0      0x219 build/kservice.o
                                        0x5c6 (size before relaxing)
 .debug_str     0x00000000000036f9      0x102 build/mem.o
                                        0x395 (size before relaxing)
 .debug_str     0x00000000000037fb      0x1b4 build/object.o
                                        0x5e7 (size before relaxing)
 .debug_str     0x00000000000039af      0x13d build/scheduler.o
                                        0x54e (size before relaxing)
 .debug_str     0x0000000000003aec      0x123 build/thread.o
                                        0x7c9 (size before relaxing)
 .debug_str     0x0000000000003c0f      0x148 build/timer.o
                                        0x753 (size before relaxing)
 .debug_str     0x0000000000003d57      0x115 build/cpuport.o
                                        0xbd0 (size before relaxing)
 .debug_str     0x0000000000003e6c      0x23a build/board.o
                                        0xcbf (size before relaxing)
 .debug_str     0x00000000000040a6       0x40 build/main.o
                                        0x8e8 (size before relaxing)
 .debug_str     0x00000000000040e6       0x91 build/task_thread.o
                                        0xcc9 (size before relaxing)
 .debug_str     0x0000000000004177       0xec build/CH58x_gpio.o
                                        0x9c6 (size before relaxing)
 .debug_str     0x0000000000004263      0x192 build/CH58x_pwr.o
                                        0xc5e (size before relaxing)
 .debug_str     0x00000000000043f5      0x135 build/CH58x_sys.o
                                        0xc25 (size before relaxing)
 .debug_str     0x000000000000452a       0x25 build/CH58x_usbdev.o
                                        0x8c2 (size before relaxing)
 .debug_str     0x000000000000454f       0x3f build/context_gcc.o
                                         0x6a (size before relaxing)
 .debug_str     0x000000000000458e       0x35 build/interrupt_gcc.o
                                         0x6c (size before relaxing)
 .debug_str     0x00000000000045c3       0x23 build/startup_CH583.o
                                         0x5a (size before relaxing)

.comment        0x0000000000000000       0x33
 .comment       0x0000000000000000       0x33 build/keymap_plain.o
                                         0x34 (size before relaxing)
 .comment       0x0000000000000033       0x34 build/host.o
 .comment       0x0000000000000033       0x34 build/keyboard.o
 .comment       0x0000000000000033       0x34 build/matrix.o
 .comment       0x0000000000000033       0x34 build/action.o
 .comment       0x0000000000000033       0x34 build/action_tapping.o
 .comment       0x0000000000000033       0x34 build/action_macro.o
 .comment       0x0000000000000033       0x34 build/action_layer.o
 .comment       0x0000000000000033       0x34 build/action_util.o
 .comment       0x0000000000000033       0x34 build/debug.o
 .comment       0x0000000000000033       0x34 build/util.o
 .comment       0x0000000000000033       0x34 build/hook.o
 .comment       0x0000000000000033       0x34 build/actionmap.o
 .comment       0x0000000000000033       0x34 build/mousekey.o
 .comment       0x0000000000000033       0x34 build/xprintf.o
 .comment       0x0000000000000033       0x34 build/keyboard_matrix.o
 .comment       0x0000000000000033       0x34 build/process_record_kb.o
 .comment       0x0000000000000033       0x34 build/keyboard_timer.o
 .comment       0x0000000000000033       0x34 build/bootloader.o
 .comment       0x0000000000000033       0x34 build/keyboard_host_driver.o
 .comment       0x0000000000000033       0x34 build/usbuser1.o
 .comment       0x0000000000000033       0x34 build/eeprom.o
 .comment       0x0000000000000033       0x34 build/clock.o
 .comment       0x0000000000000033       0x34 build/components.o
 .comment       0x0000000000000033       0x34 build/idle.o
 .comment       0x0000000000000033       0x34 build/ipc.o
 .comment       0x0000000000000033       0x34 build/irq.o
 .comment       0x0000000000000033       0x34 build/kservice.o
 .comment       0x0000000000000033       0x34 build/mem.o
 .comment       0x0000000000000033       0x34 build/object.o
 .comment       0x0000000000000033       0x34 build/scheduler.o
 .comment       0x0000000000000033       0x34 build/thread.o
 .comment       0x0000000000000033       0x34 build/timer.o
 .comment       0x0000000000000033       0x34 build/cpuport.o
 .comment       0x0000000000000033       0x34 build/board.o
 .comment       0x0000000000000033       0x34 build/main.o
 .comment       0x0000000000000033       0x34 build/task_thread.o
 .comment       0x0000000000000033       0x34 build/CH58x_gpio.o
 .comment       0x0000000000000033       0x34 build/CH58x_pwr.o
 .comment       0x0000000000000033       0x34 build/CH58x_sys.o
 .comment       0x0000000000000033       0x34 build/CH58x_usbdev.o
 .comment       0x0000000000000033       0x34 ../../LIB\libISP583.a(ISP583.o)

.debug_frame    0x0000000000000000     0x2c24
 .debug_frame   0x0000000000000000       0x20 build/keymap_plain.o
 .debug_frame   0x0000000000000020      0x100 build/host.o
 .debug_frame   0x0000000000000120       0x9c build/keyboard.o
 .debug_frame   0x00000000000001bc       0xb8 build/matrix.o
 .debug_frame   0x0000000000000274      0x39c build/action.o
 .debug_frame   0x0000000000000610       0xd4 build/action_tapping.o
 .debug_frame   0x00000000000006e4       0xa0 build/action_macro.o
 .debug_frame   0x0000000000000784      0x16c build/action_layer.o
 .debug_frame   0x00000000000008f0      0x168 build/action_util.o
 .debug_frame   0x0000000000000a58       0xc8 build/util.o
 .debug_frame   0x0000000000000b20       0x88 build/hook.o
 .debug_frame   0x0000000000000ba8       0x48 build/actionmap.o
 .debug_frame   0x0000000000000bf0       0xdc build/mousekey.o
 .debug_frame   0x0000000000000ccc       0x30 build/xprintf.o
 .debug_frame   0x0000000000000cfc       0xf4 build/keyboard_matrix.o
 .debug_frame   0x0000000000000df0       0x20 build/process_record_kb.o
 .debug_frame   0x0000000000000e10       0xa0 build/keyboard_timer.o
 .debug_frame   0x0000000000000eb0       0x20 build/bootloader.o
 .debug_frame   0x0000000000000ed0       0x88 build/keyboard_host_driver.o
 .debug_frame   0x0000000000000f58      0x130 build/usbuser1.o
 .debug_frame   0x0000000000001088      0x108 build/eeprom.o
 .debug_frame   0x0000000000001190       0x7c build/clock.o
 .debug_frame   0x000000000000120c      0x110 build/components.o
 .debug_frame   0x000000000000131c       0xd0 build/idle.o
 .debug_frame   0x00000000000013ec      0x2b0 build/ipc.o
 .debug_frame   0x000000000000169c       0x40 build/irq.o
 .debug_frame   0x00000000000016dc      0x260 build/kservice.o
 .debug_frame   0x000000000000193c      0x114 build/mem.o
 .debug_frame   0x0000000000001a50      0x178 build/object.o
 .debug_frame   0x0000000000001bc8       0xf4 build/scheduler.o
 .debug_frame   0x0000000000001cbc      0x2b0 build/thread.o
 .debug_frame   0x0000000000001f6c      0x20c build/timer.o
 .debug_frame   0x0000000000002178       0x78 build/cpuport.o
 .debug_frame   0x00000000000021f0       0x7c build/board.o
 .debug_frame   0x000000000000226c       0x2c build/main.o
 .debug_frame   0x0000000000002298       0x98 build/task_thread.o
 .debug_frame   0x0000000000002330       0x70 build/CH58x_gpio.o
 .debug_frame   0x00000000000023a0      0x124 build/CH58x_pwr.o
 .debug_frame   0x00000000000024c4      0x114 build/CH58x_sys.o
 .debug_frame   0x00000000000025d8       0x60 build/CH58x_usbdev.o
 .debug_frame   0x0000000000002638       0x54 h:/risc-v_gcc/toolchain/risc-v embedded gcc/bin/../lib/gcc/riscv-none-embed/8.2.0/rv32imac/ilp32\libgcc.a(muldf3.o)
 .debug_frame   0x000000000000268c       0x20 h:/risc-v_gcc/toolchain/risc-v embedded gcc/bin/../lib/gcc/riscv-none-embed/8.2.0/rv32imac/ilp32\libgcc.a(fixdfsi.o)
 .debug_frame   0x00000000000026ac       0x38 h:/risc-v_gcc/toolchain/risc-v embedded gcc/bin/../lib/gcc/riscv-none-embed/8.2.0/rv32imac/ilp32\libgcc.a(floatsidf.o)
 .debug_frame   0x00000000000026e4       0x20 h:/risc-v_gcc/toolchain/risc-v embedded gcc/bin/../lib/gcc/riscv-none-embed/8.2.0/rv32imac/ilp32\libgcc.a(_clzsi2.o)
 .debug_frame   0x0000000000002704       0x20 h:/risc-v_gcc/toolchain/risc-v embedded gcc/bin/../lib/gcc/riscv-none-embed/8.2.0/../../../../riscv-none-embed/lib/rv32imac/ilp32\libg_nano.a(lib_a-memcpy.o)
 .debug_frame   0x0000000000002724       0x3c h:/risc-v_gcc/toolchain/risc-v embedded gcc/bin/../lib/gcc/riscv-none-embed/8.2.0/../../../../riscv-none-embed/lib/rv32imac/ilp32\libg_nano.a(lib_a-vsprintf.o)
 .debug_frame   0x0000000000002760      0x148 h:/risc-v_gcc/toolchain/risc-v embedded gcc/bin/../lib/gcc/riscv-none-embed/8.2.0/../../../../riscv-none-embed/lib/rv32imac/ilp32\libg_nano.a(lib_a-findfp.o)
 .debug_frame   0x00000000000028a8       0x40 h:/risc-v_gcc/toolchain/risc-v embedded gcc/bin/../lib/gcc/riscv-none-embed/8.2.0/../../../../riscv-none-embed/lib/rv32imac/ilp32\libg_nano.a(lib_a-nano-freer.o)
 .debug_frame   0x00000000000028e8       0x40 h:/risc-v_gcc/toolchain/risc-v embedded gcc/bin/../lib/gcc/riscv-none-embed/8.2.0/../../../../riscv-none-embed/lib/rv32imac/ilp32\libg_nano.a(lib_a-nano-mallocr.o)
 .debug_frame   0x0000000000002928       0xe0 h:/risc-v_gcc/toolchain/risc-v embedded gcc/bin/../lib/gcc/riscv-none-embed/8.2.0/../../../../riscv-none-embed/lib/rv32imac/ilp32\libg_nano.a(lib_a-nano-svfprintf.o)
 .debug_frame   0x0000000000002a08       0x8c h:/risc-v_gcc/toolchain/risc-v embedded gcc/bin/../lib/gcc/riscv-none-embed/8.2.0/../../../../riscv-none-embed/lib/rv32imac/ilp32\libg_nano.a(lib_a-nano-vfprintf_i.o)
 .debug_frame   0x0000000000002a94       0x30 h:/risc-v_gcc/toolchain/risc-v embedded gcc/bin/../lib/gcc/riscv-none-embed/8.2.0/../../../../riscv-none-embed/lib/rv32imac/ilp32\libg_nano.a(lib_a-sbrkr.o)
 .debug_frame   0x0000000000002ac4       0x20 h:/risc-v_gcc/toolchain/risc-v embedded gcc/bin/../lib/gcc/riscv-none-embed/8.2.0/../../../../riscv-none-embed/lib/rv32imac/ilp32\libg_nano.a(lib_a-memchr.o)
 .debug_frame   0x0000000000002ae4       0x20 h:/risc-v_gcc/toolchain/risc-v embedded gcc/bin/../lib/gcc/riscv-none-embed/8.2.0/../../../../riscv-none-embed/lib/rv32imac/ilp32\libg_nano.a(lib_a-memmove.o)
 .debug_frame   0x0000000000002b04       0x30 h:/risc-v_gcc/toolchain/risc-v embedded gcc/bin/../lib/gcc/riscv-none-embed/8.2.0/../../../../riscv-none-embed/lib/rv32imac/ilp32\libg_nano.a(lib_a-mlock.o)